epoch   1  隐藏层局部目标（验证集）-0.1299
epoch  10  隐藏层局部目标（验证集）-0.2638
epoch  20  隐藏层局部目标（验证集）-0.2783
epoch  30  隐藏层局部目标（验证集）-0.2838
epoch  40  隐藏层局部目标（验证集）-0.2858
epoch  50  隐藏层局部目标（验证集）-0.2918
epoch  60  隐藏层局部目标（验证集）-0.2918
epoch  70  隐藏层局部目标（验证集）-0.2921
epoch  80  隐藏层局部目标（验证集）-0.2929
epoch  90  隐藏层局部目标（验证集）-0.2931
epoch 100  隐藏层局部目标（验证集）-0.2929
  λ=0       验证准确率 0.9772
  λ=0.0001  验证准确率 0.9793
  λ=0.001   验证准确率 0.9790
  λ=0.01    验证准确率 0.9767
  λ=0.1     验证准确率 0.9753

闭式解读出：累积 54000 个训练样本的 (XᵀX, XᵀY)，λ = 0.0001（由验证集选出，验证准确率 0.9793），全程耗时 1.4 s

测试集：loss 1.5196  准确率 0.9779
活跃单元比例（归一化前，§9 的速率型类比量）：0.9639
活动稀疏度：0.6184

```text
实验名称：ib_hebbian/mnist
日期：2026-09-23 08:08:14 中国标准时间
Git commit：e2d754ffe18f3ace20a735bbd6668bf94298e859
Git 状态：干净
Python：3.12.14
操作系统 / 架构：Windows 11 / AMD64
硬件：NVIDIA GeForce RTX 5060，8,123 MB，sm_120
随机种子：base=0；全局种子=1741413617；划分验证集=1435468909；权重初始化=3486733650；每轮打乱=2263596658
依赖快照：uv.lock sha256=cbafb161e71421f9f228e23e2ab6f4f742f899e9958d290f214dac1dd948e37f
运行命令：train_mnist.py --device cuda
耗时：575.4 s
显存峰值：1,167.0 MiB（§6.2 硬约束 8GB）
§6.2 降级路径：未触发
备注：隐藏层：width=1024, n_layers=3, n_groups=32, sigma=5.0, gamma=2.0, divnorm_power=0.2, eta_local=1.0, dropout=0.01
备注：读出：kind=ridge, ridge_lambda=0.0001（由验证集选出；累积 XᵀX / XᵀY 后一次解出，无反向传播、无迭代）
备注：局部性：隐藏层逐层用自身目标就地更新、输入被切断梯度；读出的 (XᵀX, XᵀY) 是全局二阶统计量
```

验收（计划书 §七）：MNIST 70%+ → 0.9779，达到。
