episode   20  近 20 回合平均步数    26.6  探索率 0.293  回合内痕迹峰值 0.8146
episode   40  近 20 回合平均步数    31.9  探索率 0.286  回合内痕迹峰值 0.8304
episode   60  近 20 回合平均步数    23.7  探索率 0.279  回合内痕迹峰值 1.5251
episode   80  近 20 回合平均步数    23.0  探索率 0.272  回合内痕迹峰值 1.5090
episode  100  近 20 回合平均步数    26.8  探索率 0.265  回合内痕迹峰值 0.7633
episode  120  近 20 回合平均步数    27.1  探索率 0.258  回合内痕迹峰值 1.1687
episode  140  近 20 回合平均步数    25.6  探索率 0.251  回合内痕迹峰值 0.9699
episode  160  近 20 回合平均步数    28.6  探索率 0.244  回合内痕迹峰值 0.7374
episode  180  近 20 回合平均步数    29.9  探索率 0.237  回合内痕迹峰值 1.2453
episode  200  近 20 回合平均步数    31.1  探索率 0.230  回合内痕迹峰值 1.0284
episode  220  近 20 回合平均步数    36.9  探索率 0.223  回合内痕迹峰值 0.8869
episode  240  近 20 回合平均步数    34.0  探索率 0.216  回合内痕迹峰值 1.4026
episode  260  近 20 回合平均步数    39.5  探索率 0.209  回合内痕迹峰值 2.0311
episode  280  近 20 回合平均步数    37.8  探索率 0.202  回合内痕迹峰值 1.1463
episode  300  近 20 回合平均步数    35.4  探索率 0.195  回合内痕迹峰值 1.0991
episode  320  近 20 回合平均步数    42.9  探索率 0.188  回合内痕迹峰值 1.2261
episode  340  近 20 回合平均步数    40.3  探索率 0.181  回合内痕迹峰值 1.0095
episode  360  近 20 回合平均步数    45.9  探索率 0.174  回合内痕迹峰值 0.7239
episode  380  近 20 回合平均步数    41.2  探索率 0.167  回合内痕迹峰值 1.4595
episode  400  近 20 回合平均步数    57.1  探索率 0.160  回合内痕迹峰值 0.8677
episode  420  近 20 回合平均步数    61.9  探索率 0.153  回合内痕迹峰值 0.9578
episode  440  近 20 回合平均步数    52.6  探索率 0.146  回合内痕迹峰值 1.1063
episode  460  近 20 回合平均步数    52.2  探索率 0.139  回合内痕迹峰值 0.7254
episode  480  近 20 回合平均步数    49.0  探索率 0.132  回合内痕迹峰值 1.2125
episode  500  近 20 回合平均步数    59.3  探索率 0.125  回合内痕迹峰值 1.1876
episode  520  近 20 回合平均步数    83.5  探索率 0.118  回合内痕迹峰值 0.8996
episode  540  近 20 回合平均步数    90.4  探索率 0.111  回合内痕迹峰值 1.4521
episode  560  近 20 回合平均步数    96.0  探索率 0.104  回合内痕迹峰值 1.0024
episode  580  近 20 回合平均步数    97.0  探索率 0.097  回合内痕迹峰值 1.6277
episode  600  近 20 回合平均步数   102.5  探索率 0.090  回合内痕迹峰值 1.4064
episode  620  近 20 回合平均步数    83.8  探索率 0.083  回合内痕迹峰值 1.9331
episode  640  近 20 回合平均步数   124.8  探索率 0.076  回合内痕迹峰值 1.2676
episode  660  近 20 回合平均步数   104.0  探索率 0.069  回合内痕迹峰值 1.9763
episode  680  近 20 回合平均步数   143.8  探索率 0.062  回合内痕迹峰值 1.2600
episode  700  近 20 回合平均步数   110.9  探索率 0.055  回合内痕迹峰值 1.4654
episode  720  近 20 回合平均步数   173.8  探索率 0.048  回合内痕迹峰值 1.3144
episode  740  近 20 回合平均步数   117.0  探索率 0.041  回合内痕迹峰值 0.7695
episode  760  近 20 回合平均步数   167.7  探索率 0.034  回合内痕迹峰值 1.2982
episode  780  近 20 回合平均步数   193.7  探索率 0.027  回合内痕迹峰值 1.7880
episode  800  近 20 回合平均步数   227.6  探索率 0.020  回合内痕迹峰值 1.6458

验收评测（贪心，10 个回合）：平均 228.4 步（最小 137.0 / 最大 500.0）
成功偏移：偏移 +0.08000  σR 4.41382  |偏移|/σR 0.0181（阈值 < 0.1）

```text
实验名称：rstdp/cartpole
日期：2026-09-23 08:36:30 中国标准时间
Git commit：a315cd0fa5761356323664757b54c1e3b4ffa88c
Git 状态：干净
Python：3.12.14
操作系统 / 架构：Windows 11 / AMD64
硬件：CPU（Intel64 Family 6 Model 183 Stepping 1, GenuineIntel，无 GPU 参与）
随机种子：base=0；Actor 与 Critic 初始权重=3589114572；Critic 感受野采样=1786091376；动作探索=3138835151；感受野采样环境=2269638270；环境动作空间种子=4106697854；环境随机种子=2726622797；群体编码中心=4160090208
依赖快照：uv.lock sha256=cbafb161e71421f9f228e23e2ab6f4f742f899e9958d290f214dac1dd948e37f
运行命令：cartpole.py --seed 0 --device cpu
耗时：24.5 s
显存峰值：0.0 MiB（§6.2 硬约束 8GB）
§6.2 降级路径：未触发
备注：N=64, sigma=0.5, eta_actor=0.003, eta_critic=0.0005, trace_decay=0.9, gamma=0.99, success_signal=td_error
备注：Actor：normalize=True, clip=None, polyak_tau=None, sampling=boltzmann, logit_scale=20.0, trace_center=sampling, lr_final_fraction=0.01
备注：Critic：kind=population, units=64, value_scale=200.0, gain=8.0, threshold=0.4, output_bias=0.0, bias_lr=None, post_factor=rate
备注：探索：start=0.3, end=0.02, 回合数=800
备注：logit 退火：1.0 → 40.0（log 空间线性插值）
备注：状态编码：4 维连续状态的高斯群体编码（本项目自己的选择）
备注：速率型单元：STDP 窗口形状与 TD-LTP/TD-STDP 的差别在此化简下无从体现
```

验收（计划书 §七）：平均步数 228.4 >= 200 → 达到；成功偏移 |偏移|/σR 0.0181 < 0.1 → 达到。
