episode   20  近 20 回合平均步数    24.5  探索率 0.293  回合内痕迹峰值 0.5163
episode   40  近 20 回合平均步数    29.1  探索率 0.286  回合内痕迹峰值 0.5421
episode   60  近 20 回合平均步数    28.9  探索率 0.279  回合内痕迹峰值 0.7715
episode   80  近 20 回合平均步数    31.5  探索率 0.272  回合内痕迹峰值 0.5816
episode  100  近 20 回合平均步数    30.9  探索率 0.265  回合内痕迹峰值 0.6911
episode  120  近 20 回合平均步数    24.4  探索率 0.258  回合内痕迹峰值 0.3708
episode  140  近 20 回合平均步数    23.1  探索率 0.251  回合内痕迹峰值 1.0885
episode  160  近 20 回合平均步数    26.6  探索率 0.244  回合内痕迹峰值 0.3588
episode  180  近 20 回合平均步数    27.9  探索率 0.237  回合内痕迹峰值 0.6603
episode  200  近 20 回合平均步数    37.8  探索率 0.230  回合内痕迹峰值 0.2392
episode  220  近 20 回合平均步数    31.4  探索率 0.223  回合内痕迹峰值 0.8627
episode  240  近 20 回合平均步数    25.1  探索率 0.216  回合内痕迹峰值 1.2153
episode  260  近 20 回合平均步数    34.8  探索率 0.209  回合内痕迹峰值 0.6971
episode  280  近 20 回合平均步数    26.4  探索率 0.202  回合内痕迹峰值 0.2737
episode  300  近 20 回合平均步数    43.5  探索率 0.195  回合内痕迹峰值 0.2714
episode  320  近 20 回合平均步数    33.3  探索率 0.188  回合内痕迹峰值 1.0264
episode  340  近 20 回合平均步数    38.5  探索率 0.181  回合内痕迹峰值 1.2244
episode  360  近 20 回合平均步数    40.0  探索率 0.174  回合内痕迹峰值 0.2644
episode  380  近 20 回合平均步数    44.0  探索率 0.167  回合内痕迹峰值 0.7616
episode  400  近 20 回合平均步数    44.3  探索率 0.160  回合内痕迹峰值 0.8963
episode  420  近 20 回合平均步数    40.8  探索率 0.153  回合内痕迹峰值 0.2361
episode  440  近 20 回合平均步数    50.4  探索率 0.146  回合内痕迹峰值 0.6896
episode  460  近 20 回合平均步数    52.6  探索率 0.139  回合内痕迹峰值 1.2061
episode  480  近 20 回合平均步数    62.0  探索率 0.132  回合内痕迹峰值 0.5239
episode  500  近 20 回合平均步数    66.2  探索率 0.125  回合内痕迹峰值 0.4457
episode  520  近 20 回合平均步数    50.5  探索率 0.118  回合内痕迹峰值 0.6825
episode  540  近 20 回合平均步数    70.2  探索率 0.111  回合内痕迹峰值 1.1298
episode  560  近 20 回合平均步数    64.5  探索率 0.104  回合内痕迹峰值 0.7958
episode  580  近 20 回合平均步数    68.2  探索率 0.097  回合内痕迹峰值 0.7145
episode  600  近 20 回合平均步数    87.0  探索率 0.090  回合内痕迹峰值 0.6063
episode  620  近 20 回合平均步数    82.2  探索率 0.083  回合内痕迹峰值 0.6576
episode  640  近 20 回合平均步数    87.9  探索率 0.076  回合内痕迹峰值 0.7549
episode  660  近 20 回合平均步数    87.4  探索率 0.069  回合内痕迹峰值 1.1000
episode  680  近 20 回合平均步数   108.6  探索率 0.062  回合内痕迹峰值 0.4856
episode  700  近 20 回合平均步数   136.6  探索率 0.055  回合内痕迹峰值 1.3550
episode  720  近 20 回合平均步数   153.6  探索率 0.048  回合内痕迹峰值 0.8464
episode  740  近 20 回合平均步数   132.1  探索率 0.041  回合内痕迹峰值 0.7305
episode  760  近 20 回合平均步数   180.1  探索率 0.034  回合内痕迹峰值 1.0674
episode  780  近 20 回合平均步数   178.4  探索率 0.027  回合内痕迹峰值 1.2173
episode  800  近 20 回合平均步数   169.9  探索率 0.020  回合内痕迹峰值 0.9452

验收评测（贪心，10 个回合）：平均 232.1 步（最小 157.0 / 最大 312.0）
成功偏移：偏移 +0.09810  σR 7.21759  |偏移|/σR 0.0136（阈值 < 0.1）

```text
实验名称：rstdp/cartpole
日期：2026-09-23 08:36:54 中国标准时间
Git commit：a315cd0fa5761356323664757b54c1e3b4ffa88c
Git 状态：干净
Python：3.12.14
操作系统 / 架构：Windows 11 / AMD64
硬件：CPU（Intel64 Family 6 Model 183 Stepping 1, GenuineIntel，无 GPU 参与）
随机种子：base=45；Actor 与 Critic 初始权重=3589114593；Critic 感受野采样=1786091357；动作探索=3138835170；感受野采样环境=2269638227；环境动作空间种子=4106697811；环境随机种子=2726622816；群体编码中心=4160090189
依赖快照：uv.lock sha256=cbafb161e71421f9f228e23e2ab6f4f742f899e9958d290f214dac1dd948e37f
运行命令：cartpole.py --seed 45 --device cpu
耗时：22.0 s
显存峰值：0.0 MiB（§6.2 硬约束 8GB）
§6.2 降级路径：未触发
备注：N=64, sigma=0.5, eta_actor=0.003, eta_critic=0.0005, trace_decay=0.9, gamma=0.99, success_signal=td_error
备注：Actor：normalize=True, clip=None, polyak_tau=None, sampling=boltzmann, logit_scale=20.0, trace_center=sampling, lr_final_fraction=0.01
备注：Critic：kind=population, units=64, value_scale=200.0, gain=8.0, threshold=0.4, output_bias=0.0, bias_lr=None, post_factor=rate
备注：探索：start=0.3, end=0.02, 回合数=800
备注：logit 退火：1.0 → 40.0（log 空间线性插值）
备注：状态编码：4 维连续状态的高斯群体编码（本项目自己的选择）
备注：速率型单元：STDP 窗口形状与 TD-LTP/TD-STDP 的差别在此化简下无从体现
```

验收（计划书 §七）：平均步数 232.1 >= 200 → 达到；成功偏移 |偏移|/σR 0.0136 < 0.1 → 达到。
