episode   20  近 20 回合平均步数    19.1  探索率 0.293  回合内痕迹峰值 0.5253
episode   40  近 20 回合平均步数    15.3  探索率 0.286  回合内痕迹峰值 0.7696
episode   60  近 20 回合平均步数    16.3  探索率 0.279  回合内痕迹峰值 0.8697
episode   80  近 20 回合平均步数    16.2  探索率 0.272  回合内痕迹峰值 0.7181
episode  100  近 20 回合平均步数    14.6  探索率 0.265  回合内痕迹峰值 0.8004
episode  120  近 20 回合平均步数    19.9  探索率 0.258  回合内痕迹峰值 0.4176
episode  140  近 20 回合平均步数    20.1  探索率 0.251  回合内痕迹峰值 1.0512
episode  160  近 20 回合平均步数    15.2  探索率 0.244  回合内痕迹峰值 0.8409
episode  180  近 20 回合平均步数    14.1  探索率 0.237  回合内痕迹峰值 0.5994
episode  200  近 20 回合平均步数    14.4  探索率 0.230  回合内痕迹峰值 0.6856
episode  220  近 20 回合平均步数    14.9  探索率 0.223  回合内痕迹峰值 0.8029
episode  240  近 20 回合平均步数    14.5  探索率 0.216  回合内痕迹峰值 0.6510
episode  260  近 20 回合平均步数    14.1  探索率 0.209  回合内痕迹峰值 0.7418
episode  280  近 20 回合平均步数    12.4  探索率 0.202  回合内痕迹峰值 0.6354
episode  300  近 20 回合平均步数    12.3  探索率 0.195  回合内痕迹峰值 0.7821
episode  320  近 20 回合平均步数    11.6  探索率 0.188  回合内痕迹峰值 1.1674
episode  340  近 20 回合平均步数    12.8  探索率 0.181  回合内痕迹峰值 0.7486
episode  360  近 20 回合平均步数    11.2  探索率 0.174  回合内痕迹峰值 0.5078
episode  380  近 20 回合平均步数    10.6  探索率 0.167  回合内痕迹峰值 0.5096
episode  400  近 20 回合平均步数    12.3  探索率 0.160  回合内痕迹峰值 0.8450
episode  420  近 20 回合平均步数    10.3  探索率 0.153  回合内痕迹峰值 0.2588
episode  440  近 20 回合平均步数    10.4  探索率 0.146  回合内痕迹峰值 0.3055
episode  460  近 20 回合平均步数    10.7  探索率 0.139  回合内痕迹峰值 0.6897
episode  480  近 20 回合平均步数    10.3  探索率 0.132  回合内痕迹峰值 1.5900
episode  500  近 20 回合平均步数    10.1  探索率 0.125  回合内痕迹峰值 0.2661
episode  520  近 20 回合平均步数    10.1  探索率 0.118  回合内痕迹峰值 0.4628
episode  540  近 20 回合平均步数    10.0  探索率 0.111  回合内痕迹峰值 0.2010
episode  560  近 20 回合平均步数    10.0  探索率 0.104  回合内痕迹峰值 0.1504
episode  580  近 20 回合平均步数     9.8  探索率 0.097  回合内痕迹峰值 0.1750
episode  600  近 20 回合平均步数     9.7  探索率 0.090  回合内痕迹峰值 0.1425
episode  620  近 20 回合平均步数     9.3  探索率 0.083  回合内痕迹峰值 0.0800
episode  640  近 20 回合平均步数     9.8  探索率 0.076  回合内痕迹峰值 0.1070
episode  660  近 20 回合平均步数     9.1  探索率 0.069  回合内痕迹峰值 0.0867
episode  680  近 20 回合平均步数     9.8  探索率 0.062  回合内痕迹峰值 0.0790
episode  700  近 20 回合平均步数     9.9  探索率 0.055  回合内痕迹峰值 0.0697
episode  720  近 20 回合平均步数     9.6  探索率 0.048  回合内痕迹峰值 0.0583
episode  740  近 20 回合平均步数     9.2  探索率 0.041  回合内痕迹峰值 0.1967
episode  760  近 20 回合平均步数     9.6  探索率 0.034  回合内痕迹峰值 0.0472
episode  780  近 20 回合平均步数     9.4  探索率 0.027  回合内痕迹峰值 0.1102
episode  800  近 20 回合平均步数     9.4  探索率 0.020  回合内痕迹峰值 0.0365

验收评测（贪心，10 个回合）：平均 9.3 步（最小 8.0 / 最大 10.0）
成功偏移：偏移 +23.09980  σR 25.10310  |偏移|/σR 0.9202（阈值 < 0.1）

```text
实验名称：rstdp/cartpole
日期：2026-09-23 08:36:52 中国标准时间
Git commit：a315cd0fa5761356323664757b54c1e3b4ffa88c
Git 状态：干净
Python：3.12.14
操作系统 / 架构：Windows 11 / AMD64
硬件：CPU（Intel64 Family 6 Model 183 Stepping 1, GenuineIntel，无 GPU 参与）
随机种子：base=0；Actor 与 Critic 初始权重=3589114572；Critic 感受野采样=1786091376；动作探索=3138835151；感受野采样环境=2269638270；环境动作空间种子=4106697854；环境随机种子=2726622797；群体编码中心=4160090208
依赖快照：uv.lock sha256=cbafb161e71421f9f228e23e2ab6f4f742f899e9958d290f214dac1dd948e37f
运行命令：cartpole.py --seed 0 --critic-kind single --device cpu
耗时：3.3 s
显存峰值：0.0 MiB（§6.2 硬约束 8GB）
§6.2 降级路径：未触发
备注：N=64, sigma=0.5, eta_actor=0.003, eta_critic=0.0005, trace_decay=0.9, gamma=0.99, success_signal=td_error
备注：Actor：normalize=True, clip=None, polyak_tau=None, sampling=boltzmann, logit_scale=20.0, trace_center=sampling, lr_final_fraction=0.01
备注：Critic：kind=single, units=64, value_scale=200.0, gain=8.0, threshold=0.4, output_bias=0.0, bias_lr=None, post_factor=rate
备注：探索：start=0.3, end=0.02, 回合数=800
备注：logit 退火：1.0 → 40.0（log 空间线性插值）
备注：状态编码：4 维连续状态的高斯群体编码（本项目自己的选择）
备注：速率型单元：STDP 窗口形状与 TD-LTP/TD-STDP 的差别在此化简下无从体现
```

验收（计划书 §七）：平均步数 9.3 >= 200 → 未达到；成功偏移 |偏移|/σR 0.9202 < 0.1 → 未达到。
