配置 2 个 × 种子 10 个 = **20 次运行**
单次约 4 秒，顺序执行，预计 1 分钟
逐次结果落盘到 sweep_results\step7_boltz_greedy/（每次运行一个文件）

[  1/20] actor_action_samplingboltzmann_actor_logit_scale5_actor_lr_final_fraction0.1_actor_trace_centersampling_greedy_eval_every50 seed=0  →   82.8 步（65.0–108.0）  偏移比 0.0009  峰值  183.7 @250
[  2/20] actor_action_samplingboltzmann_actor_logit_scale5_actor_lr_final_fraction0.1_actor_trace_centersampling_greedy_eval_every50 seed=1  →   87.4 步（53.0–124.0）  偏移比 0.0234  峰值   94.0 @350
[  3/20] actor_action_samplingboltzmann_actor_logit_scale5_actor_lr_final_fraction0.1_actor_trace_centersampling_greedy_eval_every50 seed=2  →  142.4 步（52.0–354.0）  偏移比 0.0050  峰值  255.0 @700
[  4/20] actor_action_samplingboltzmann_actor_logit_scale5_actor_lr_final_fraction0.1_actor_trace_centersampling_greedy_eval_every50 seed=3  →  143.5 步（114.0–183.0）  偏移比 0.0051  峰值  413.7 @550
[  5/20] actor_action_samplingboltzmann_actor_logit_scale5_actor_lr_final_fraction0.1_actor_trace_centersampling_greedy_eval_every50 seed=4  →   87.2 步（57.0–135.0）  偏移比 0.0180  峰值  181.7 @50
[  6/20] actor_action_samplingboltzmann_actor_logit_scale5_actor_lr_final_fraction0.1_actor_trace_centersampling_greedy_eval_every50 seed=5  →  140.5 步（98.0–394.0）  偏移比 0.0004  峰值  149.3 @100
[  7/20] actor_action_samplingboltzmann_actor_logit_scale5_actor_lr_final_fraction0.1_actor_trace_centersampling_greedy_eval_every50 seed=6  →  185.1 步（63.0–373.0）  偏移比 0.0136  峰值  500.0 @50
[  8/20] actor_action_samplingboltzmann_actor_logit_scale5_actor_lr_final_fraction0.1_actor_trace_centersampling_greedy_eval_every50 seed=7  →  458.7 步（405.0–500.0）  偏移比 0.0025  峰值  500.0 @100
[  9/20] actor_action_samplingboltzmann_actor_logit_scale5_actor_lr_final_fraction0.1_actor_trace_centersampling_greedy_eval_every50 seed=8  →  102.3 步（64.0–181.0）  偏移比 0.0002  峰值  230.3 @250
[ 10/20] actor_action_samplingboltzmann_actor_logit_scale5_actor_lr_final_fraction0.1_actor_trace_centersampling_greedy_eval_every50 seed=9  →  150.4 步（103.0–237.0）  偏移比 0.0201  峰值  299.3 @550
[ 11/20] actor_action_samplingboltzmann_actor_logit_scale20_actor_lr_final_fraction0.1_actor_trace_centersampling_greedy_eval_every50 seed=0  →    9.2 步（8.0–11.0）  偏移比 0.0968  峰值   10.0 @300
[ 12/20] actor_action_samplingboltzmann_actor_logit_scale20_actor_lr_final_fraction0.1_actor_trace_centersampling_greedy_eval_every50 seed=1  →  199.6 步（184.0–214.0）  偏移比 0.0174  峰值  254.7 @600
[ 13/20] actor_action_samplingboltzmann_actor_logit_scale20_actor_lr_final_fraction0.1_actor_trace_centersampling_greedy_eval_every50 seed=2  →  249.9 步（82.0–500.0）  偏移比 0.0014  峰值  350.3 @400
[ 14/20] actor_action_samplingboltzmann_actor_logit_scale20_actor_lr_final_fraction0.1_actor_trace_centersampling_greedy_eval_every50 seed=3  →  463.5 步（218.0–500.0）  偏移比 0.0061  峰值  500.0 @750
[ 15/20] actor_action_samplingboltzmann_actor_logit_scale20_actor_lr_final_fraction0.1_actor_trace_centersampling_greedy_eval_every50 seed=4  →  192.6 步（156.0–252.0）  偏移比 0.0054  峰值  240.3 @600
[ 16/20] actor_action_samplingboltzmann_actor_logit_scale20_actor_lr_final_fraction0.1_actor_trace_centersampling_greedy_eval_every50 seed=5  →  317.6 步（192.0–500.0）  偏移比 0.0057  峰值  500.0 @650
[ 17/20] actor_action_samplingboltzmann_actor_logit_scale20_actor_lr_final_fraction0.1_actor_trace_centersampling_greedy_eval_every50 seed=6  →  388.4 步（338.0–500.0）  偏移比 0.0251  峰值  500.0 @400
[ 18/20] actor_action_samplingboltzmann_actor_logit_scale20_actor_lr_final_fraction0.1_actor_trace_centersampling_greedy_eval_every50 seed=7  →  500.0 步（500.0–500.0）  偏移比 0.0159  峰值  500.0 @100
[ 19/20] actor_action_samplingboltzmann_actor_logit_scale20_actor_lr_final_fraction0.1_actor_trace_centersampling_greedy_eval_every50 seed=8  →  210.1 步（152.0–500.0）  偏移比 0.0092  峰值  416.0 @800
[ 20/20] actor_action_samplingboltzmann_actor_logit_scale20_actor_lr_final_fraction0.1_actor_trace_centersampling_greedy_eval_every50 seed=9  →  342.1 步（214.0–500.0）  偏移比 0.0157  峰值  385.0 @500

================================================================================================
配置                                  n       中位数        均值      最小      最大      极差       偏移比       峰值中位数
-------------------------------------------------------------------------------------------------------
actor_action_samplingboltzmann_actor_logit_scale20_actor_lr_final_fraction0.1_actor_trace_centersampling_greedy_eval_every50 10     283.8     287.3       9     500    54.3    0.0125       400.5
actor_action_samplingboltzmann_actor_logit_scale5_actor_lr_final_fraction0.1_actor_trace_centersampling_greedy_eval_every50 10     141.4     158.0      83     459     5.5    0.0050       242.7
-------------------------------------------------------------------------------------------------------
「峰值中位数」是训练途中贪心评测的最好一次，**只作诊断**：它把「搜索不到好解」与「找到了但留不住」分开，这两者的修法不相交。验收数字仍取最终权重。
判据（计划书 §七）：中位数 >= 200 步
达标的配置：['actor_action_samplingboltzmann_actor_logit_scale20_actor_lr_final_fraction0.1_actor_trace_centersampling_greedy_eval_every50']
注意「极差」一列：本问题上它经常 > 3，说明单种子结论不可用。

全部 20 个格子都有数据。
