配置 1 个 × 种子 10 个 = **10 次运行**
单次约 4 秒，顺序执行，预计 1 分钟
逐次结果落盘到 sweep_results\step4_units1024/（每次运行一个文件）

[  1/10] actor_lr_final_fraction0.1_critic_units1024_greedy_eval_every50 seed=0  →  180.6 步（100.0–292.0）  偏移比 0.0294  峰值  241.0 @700
[  2/10] actor_lr_final_fraction0.1_critic_units1024_greedy_eval_every50 seed=1  →   68.5 步（54.0–107.0）  偏移比 0.0111  峰值   92.7 @600
[  3/10] actor_lr_final_fraction0.1_critic_units1024_greedy_eval_every50 seed=2  →   59.2 步（52.0–66.0）  偏移比 0.0000  峰值   83.3 @250
[  4/10] actor_lr_final_fraction0.1_critic_units1024_greedy_eval_every50 seed=3  →  198.4 步（160.0–282.0）  偏移比 0.0021  峰值  224.0 @800
[  5/10] actor_lr_final_fraction0.1_critic_units1024_greedy_eval_every50 seed=4  →  115.6 步（75.0–162.0）  偏移比 0.0105  峰值  134.0 @750
[  6/10] actor_lr_final_fraction0.1_critic_units1024_greedy_eval_every50 seed=5  →  197.1 步（39.0–500.0）  偏移比 0.0111  峰值  227.3 @800
[  7/10] actor_lr_final_fraction0.1_critic_units1024_greedy_eval_every50 seed=6  →  232.1 步（55.0–500.0）  偏移比 0.0185  峰值  500.0 @500
[  8/10] actor_lr_final_fraction0.1_critic_units1024_greedy_eval_every50 seed=7  →   12.2 步（10.0–14.0）  偏移比 0.0256  峰值  214.7 @350
[  9/10] actor_lr_final_fraction0.1_critic_units1024_greedy_eval_every50 seed=8  →   89.5 步（81.0–101.0）  偏移比 0.0283  峰值  109.0 @650
[ 10/10] actor_lr_final_fraction0.1_critic_units1024_greedy_eval_every50 seed=9  →   66.8 步（43.0–95.0）  偏移比 0.0687  峰值  225.0 @550

================================================================================================
配置                                  n       中位数        均值      最小      最大      极差       偏移比       峰值中位数
-------------------------------------------------------------------------------------------------------
actor_lr_final_fraction0.1_critic_units1024_greedy_eval_every50 10     102.5     122.0      12     232    19.0    0.0148       219.3
-------------------------------------------------------------------------------------------------------
「峰值中位数」是训练途中贪心评测的最好一次，**只作诊断**：它把「搜索不到好解」与「找到了但留不住」分开，这两者的修法不相交。验收数字仍取最终权重。
判据（计划书 §七）：中位数 >= 200 步
达标的配置：无
注意「极差」一列：本问题上它经常 > 3，说明单种子结论不可用。

全部 10 个格子都有数据。
