配置 1 个 × 种子 10 个 = **10 次运行**
单次约 4 秒，顺序执行，预计 1 分钟
逐次结果落盘到 sweep_results\step2_curve_fixed/（每次运行一个文件）

[  1/10] actor_lr_final_fraction0.1_greedy_eval_every50 seed=0  →  172.8 步（124.0–396.0）  偏移比 0.0081  峰值  249.0 @750
[  2/10] actor_lr_final_fraction0.1_greedy_eval_every50 seed=1  →   75.9 步（56.0–115.0）  偏移比 0.0038  峰值   83.3 @700
[  3/10] actor_lr_final_fraction0.1_greedy_eval_every50 seed=2  →   62.6 步（54.0–72.0）  偏移比 0.0237  峰值   96.0 @500
[  4/10] actor_lr_final_fraction0.1_greedy_eval_every50 seed=3  →   81.0 步（67.0–90.0）  偏移比 0.0153  峰值  262.3 @750
[  5/10] actor_lr_final_fraction0.1_greedy_eval_every50 seed=4  →  103.0 步（57.0–140.0）  偏移比 0.0019  峰值  132.3 @700
[  6/10] actor_lr_final_fraction0.1_greedy_eval_every50 seed=5  →   88.2 步（77.0–103.0）  偏移比 0.0195  峰值  159.3 @200
[  7/10] actor_lr_final_fraction0.1_greedy_eval_every50 seed=6  →  107.3 步（81.0–220.0）  偏移比 0.0023  峰值  500.0 @500
[  8/10] actor_lr_final_fraction0.1_greedy_eval_every50 seed=7  →  112.3 步（101.0–128.0）  偏移比 0.0003  峰值  176.0 @300
[  9/10] actor_lr_final_fraction0.1_greedy_eval_every50 seed=8  →   96.9 步（88.0–102.0）  偏移比 0.0358  峰值   94.3 @800
[ 10/10] actor_lr_final_fraction0.1_greedy_eval_every50 seed=9  →  121.5 步（22.0–216.0）  偏移比 0.0173  峰值  156.7 @800

================================================================================================
配置                                  n       中位数        均值      最小      最大      极差       偏移比       峰值中位数
-------------------------------------------------------------------------------------------------------
actor_lr_final_fraction0.1_greedy_eval_every50 10     100.0     102.2      63     173     2.8    0.0117       158.0
-------------------------------------------------------------------------------------------------------
「峰值中位数」是训练途中贪心评测的最好一次，**只作诊断**：它把「搜索不到好解」与「找到了但留不住」分开，这两者的修法不相交。验收数字仍取最终权重。
判据（计划书 §七）：中位数 >= 200 步
达标的配置：无
注意「极差」一列：本问题上它经常 > 3，说明单种子结论不可用。

全部 10 个格子都有数据。
