##### 对照：Boltzmann 但不中心化（logit 20） #####
配置 1 个 × 种子 10 个 = **10 次运行**
单次约 4 秒，顺序执行，预计 1 分钟
逐次结果落盘到 sweep_results\step5_boltz_nocenter/（每次运行一个文件）

[  1/10] actor_action_samplingboltzmann_actor_logit_scale20.0_actor_lr_final_fraction0.1_actor_trace_centernone_greedy_eval_every50 seed=0  →  108.6 步（42.0–205.0）  偏移比 0.0192  峰值  108.7 @650
[  2/10] actor_action_samplingboltzmann_actor_logit_scale20.0_actor_lr_final_fraction0.1_actor_trace_centernone_greedy_eval_every50 seed=1  →   67.2 步（22.0–108.0）  偏移比 0.0047  峰值   84.7 @300
[  3/10] actor_action_samplingboltzmann_actor_logit_scale20.0_actor_lr_final_fraction0.1_actor_trace_centernone_greedy_eval_every50 seed=2  →   62.7 步（36.0–108.0）  偏移比 0.0054  峰值   90.7 @600
[  4/10] actor_action_samplingboltzmann_actor_logit_scale20.0_actor_lr_final_fraction0.1_actor_trace_centernone_greedy_eval_every50 seed=3  →  123.3 步（81.0–309.0）  偏移比 0.0109  峰值  237.7 @700
[  5/10] actor_action_samplingboltzmann_actor_logit_scale20.0_actor_lr_final_fraction0.1_actor_trace_centernone_greedy_eval_every50 seed=4  →   56.3 步（20.0–89.0）  偏移比 0.0057  峰值   68.0 @300
[  6/10] actor_action_samplingboltzmann_actor_logit_scale20.0_actor_lr_final_fraction0.1_actor_trace_centernone_greedy_eval_every50 seed=5  →   80.6 步（30.0–128.0）  偏移比 0.0214  峰值   69.7 @200
[  7/10] actor_action_samplingboltzmann_actor_logit_scale20.0_actor_lr_final_fraction0.1_actor_trace_centernone_greedy_eval_every50 seed=6  →   61.3 步（27.0–121.0）  偏移比 0.0016  峰值   74.7 @800
[  8/10] actor_action_samplingboltzmann_actor_logit_scale20.0_actor_lr_final_fraction0.1_actor_trace_centernone_greedy_eval_every50 seed=7  →   77.0 步（33.0–176.0）  偏移比 0.0307  峰值  148.3 @150
[  9/10] actor_action_samplingboltzmann_actor_logit_scale20.0_actor_lr_final_fraction0.1_actor_trace_centernone_greedy_eval_every50 seed=8  →   74.7 步（55.0–108.0）  偏移比 0.0187  峰值   84.7 @250
[ 10/10] actor_action_samplingboltzmann_actor_logit_scale20.0_actor_lr_final_fraction0.1_actor_trace_centernone_greedy_eval_every50 seed=9  →   91.7 步（27.0–144.0）  偏移比 0.0122  峰值  135.3 @750

================================================================================================
配置                                  n       中位数        均值      最小      最大      极差       偏移比       峰值中位数
-------------------------------------------------------------------------------------------------------
actor_action_samplingboltzmann_actor_logit_scale20.0_actor_lr_final_fraction0.1_actor_trace_centernone_greedy_eval_every50 10      75.8      80.3      56     123     2.2    0.0115        87.7
-------------------------------------------------------------------------------------------------------
「峰值中位数」是训练途中贪心评测的最好一次，**只作诊断**：它把「搜索不到好解」与「找到了但留不住」分开，这两者的修法不相交。验收数字仍取最终权重。
判据（计划书 §七）：中位数 >= 200 步
达标的配置：无
注意「极差」一列：本问题上它经常 > 3，说明单种子结论不可用。

全部 10 个格子都有数据。
##### Boltzmann + 中心化（logit 5） #####
配置 1 个 × 种子 10 个 = **10 次运行**
单次约 4 秒，顺序执行，预计 1 分钟
逐次结果落盘到 sweep_results\step5_center5/（每次运行一个文件）

[  1/10] actor_action_samplingboltzmann_actor_logit_scale5.0_actor_lr_final_fraction0.1_actor_trace_centersampling_greedy_eval_every50 seed=0  →   47.5 步（24.0–81.0）  偏移比 0.0003  峰值   61.7 @350
[  2/10] actor_action_samplingboltzmann_actor_logit_scale5.0_actor_lr_final_fraction0.1_actor_trace_centersampling_greedy_eval_every50 seed=1  →   43.6 步（9.0–75.0）  偏移比 0.0074  峰值   94.7 @500
[  3/10] actor_action_samplingboltzmann_actor_logit_scale5.0_actor_lr_final_fraction0.1_actor_trace_centersampling_greedy_eval_every50 seed=2  →   34.2 步（9.0–56.0）  偏移比 0.0002  峰值   69.7 @500
[  4/10] actor_action_samplingboltzmann_actor_logit_scale5.0_actor_lr_final_fraction0.1_actor_trace_centersampling_greedy_eval_every50 seed=3  →   58.1 步（16.0–97.0）  偏移比 0.0027  峰值   83.3 @300
[  5/10] actor_action_samplingboltzmann_actor_logit_scale5.0_actor_lr_final_fraction0.1_actor_trace_centersampling_greedy_eval_every50 seed=4  →   32.8 步（17.0–53.0）  偏移比 0.0069  峰值   64.0 @50
[  6/10] actor_action_samplingboltzmann_actor_logit_scale5.0_actor_lr_final_fraction0.1_actor_trace_centersampling_greedy_eval_every50 seed=5  →   31.0 步（11.0–82.0）  偏移比 0.0057  峰值   57.7 @600
[  7/10] actor_action_samplingboltzmann_actor_logit_scale5.0_actor_lr_final_fraction0.1_actor_trace_centersampling_greedy_eval_every50 seed=6  →   40.0 步（19.0–70.0）  偏移比 0.0084  峰值   65.7 @700
[  8/10] actor_action_samplingboltzmann_actor_logit_scale5.0_actor_lr_final_fraction0.1_actor_trace_centersampling_greedy_eval_every50 seed=7  →   45.9 步（25.0–97.0）  偏移比 0.0004  峰值   79.0 @450
[  9/10] actor_action_samplingboltzmann_actor_logit_scale5.0_actor_lr_final_fraction0.1_actor_trace_centersampling_greedy_eval_every50 seed=8  →   49.1 步（21.0–78.0）  偏移比 0.0209  峰值   62.0 @550
[ 10/10] actor_action_samplingboltzmann_actor_logit_scale5.0_actor_lr_final_fraction0.1_actor_trace_centersampling_greedy_eval_every50 seed=9  →   53.0 步（17.0–100.0）  偏移比 0.0062  峰值   75.0 @650

================================================================================================
配置                                  n       中位数        均值      最小      最大      极差       偏移比       峰值中位数
-------------------------------------------------------------------------------------------------------
actor_action_samplingboltzmann_actor_logit_scale5.0_actor_lr_final_fraction0.1_actor_trace_centersampling_greedy_eval_every50 10      44.8      43.5      31      58     1.9    0.0060        67.7
-------------------------------------------------------------------------------------------------------
「峰值中位数」是训练途中贪心评测的最好一次，**只作诊断**：它把「搜索不到好解」与「找到了但留不住」分开，这两者的修法不相交。验收数字仍取最终权重。
判据（计划书 §七）：中位数 >= 200 步
达标的配置：无
注意「极差」一列：本问题上它经常 > 3，说明单种子结论不可用。

全部 10 个格子都有数据。
##### Boltzmann + 中心化（logit 20） #####
配置 1 个 × 种子 10 个 = **10 次运行**
单次约 4 秒，顺序执行，预计 1 分钟
逐次结果落盘到 sweep_results\step5_center20/（每次运行一个文件）

[  1/10] actor_action_samplingboltzmann_actor_logit_scale20.0_actor_lr_final_fraction0.1_actor_trace_centersampling_greedy_eval_every50 seed=0  →   25.4 步（18.0–34.0）  偏移比 0.0179  峰值   23.0 @800
[  2/10] actor_action_samplingboltzmann_actor_logit_scale20.0_actor_lr_final_fraction0.1_actor_trace_centersampling_greedy_eval_every50 seed=1  →   88.3 步（51.0–166.0）  偏移比 0.0077  峰值  135.7 @50
[  3/10] actor_action_samplingboltzmann_actor_logit_scale20.0_actor_lr_final_fraction0.1_actor_trace_centersampling_greedy_eval_every50 seed=2  →   83.5 步（16.0–184.0）  偏移比 0.0039  峰值  120.3 @800
[  4/10] actor_action_samplingboltzmann_actor_logit_scale20.0_actor_lr_final_fraction0.1_actor_trace_centersampling_greedy_eval_every50 seed=3  →  123.2 步（45.0–203.0）  偏移比 0.0043  峰值  317.3 @300
[  5/10] actor_action_samplingboltzmann_actor_logit_scale20.0_actor_lr_final_fraction0.1_actor_trace_centersampling_greedy_eval_every50 seed=4  →   89.8 步（43.0–150.0）  偏移比 0.0064  峰值  121.0 @450
[  6/10] actor_action_samplingboltzmann_actor_logit_scale20.0_actor_lr_final_fraction0.1_actor_trace_centersampling_greedy_eval_every50 seed=5  →   96.7 步（23.0–204.0）  偏移比 0.0049  峰值  115.7 @450
[  7/10] actor_action_samplingboltzmann_actor_logit_scale20.0_actor_lr_final_fraction0.1_actor_trace_centersampling_greedy_eval_every50 seed=6  →  149.1 步（52.0–290.0）  偏移比 0.0057  峰值  212.0 @600
[  8/10] actor_action_samplingboltzmann_actor_logit_scale20.0_actor_lr_final_fraction0.1_actor_trace_centersampling_greedy_eval_every50 seed=7  →  119.7 步（73.0–194.0）  偏移比 0.0070  峰值  131.3 @600
[  9/10] actor_action_samplingboltzmann_actor_logit_scale20.0_actor_lr_final_fraction0.1_actor_trace_centersampling_greedy_eval_every50 seed=8  →   73.2 步（21.0–136.0）  偏移比 0.0084  峰值  162.0 @750
[ 10/10] actor_action_samplingboltzmann_actor_logit_scale20.0_actor_lr_final_fraction0.1_actor_trace_centersampling_greedy_eval_every50 seed=9  →  118.8 步（50.0–171.0）  偏移比 0.0035  峰值  142.0 @650

================================================================================================
配置                                  n       中位数        均值      最小      最大      极差       偏移比       峰值中位数
-------------------------------------------------------------------------------------------------------
actor_action_samplingboltzmann_actor_logit_scale20.0_actor_lr_final_fraction0.1_actor_trace_centersampling_greedy_eval_every50 10      93.2      96.8      25     149     5.9    0.0060       133.5
-------------------------------------------------------------------------------------------------------
「峰值中位数」是训练途中贪心评测的最好一次，**只作诊断**：它把「搜索不到好解」与「找到了但留不住」分开，这两者的修法不相交。验收数字仍取最终权重。
判据（计划书 §七）：中位数 >= 200 步
达标的配置：无
注意「极差」一列：本问题上它经常 > 3，说明单种子结论不可用。

全部 10 个格子都有数据。
##### Boltzmann + 中心化（logit 80） #####
配置 1 个 × 种子 10 个 = **10 次运行**
单次约 4 秒，顺序执行，预计 1 分钟
逐次结果落盘到 sweep_results\step5_center80/（每次运行一个文件）

[  1/10] actor_action_samplingboltzmann_actor_logit_scale80.0_actor_lr_final_fraction0.1_actor_trace_centersampling_greedy_eval_every50 seed=0  →   14.9 步（11.0–18.0）  偏移比 0.0228  峰值   25.3 @400
[  2/10] actor_action_samplingboltzmann_actor_logit_scale80.0_actor_lr_final_fraction0.1_actor_trace_centersampling_greedy_eval_every50 seed=1  →   10.0 步（9.0–12.0）  偏移比 0.0965  峰值   10.3 @800
[  3/10] actor_action_samplingboltzmann_actor_logit_scale80.0_actor_lr_final_fraction0.1_actor_trace_centersampling_greedy_eval_every50 seed=2  →  251.1 步（173.0–336.0）  偏移比 0.0205  峰值  248.3 @600
[  4/10] actor_action_samplingboltzmann_actor_logit_scale80.0_actor_lr_final_fraction0.1_actor_trace_centersampling_greedy_eval_every50 seed=3  →   14.5 步（12.0–18.0）  偏移比 0.0271  峰值  341.7 @50
[  5/10] actor_action_samplingboltzmann_actor_logit_scale80.0_actor_lr_final_fraction0.1_actor_trace_centersampling_greedy_eval_every50 seed=4  →  294.5 步（161.0–500.0）  偏移比 0.0023  峰值  299.3 @800
[  6/10] actor_action_samplingboltzmann_actor_logit_scale80.0_actor_lr_final_fraction0.1_actor_trace_centersampling_greedy_eval_every50 seed=5  →    9.8 步（9.0–11.0）  偏移比 0.2293  峰值   10.3 @450
[  7/10] actor_action_samplingboltzmann_actor_logit_scale80.0_actor_lr_final_fraction0.1_actor_trace_centersampling_greedy_eval_every50 seed=6  →   10.3 步（9.0–12.0）  偏移比 0.1179  峰值   10.7 @650
[  8/10] actor_action_samplingboltzmann_actor_logit_scale80.0_actor_lr_final_fraction0.1_actor_trace_centersampling_greedy_eval_every50 seed=7  →    9.8 步（8.0–11.0）  偏移比 0.1211  峰值   11.0 @750
[  9/10] actor_action_samplingboltzmann_actor_logit_scale80.0_actor_lr_final_fraction0.1_actor_trace_centersampling_greedy_eval_every50 seed=8  →    9.0 步（8.0–10.0）  偏移比 0.1563  峰值   10.7 @50
[ 10/10] actor_action_samplingboltzmann_actor_logit_scale80.0_actor_lr_final_fraction0.1_actor_trace_centersampling_greedy_eval_every50 seed=9  →  128.7 步（110.0–145.0）  偏移比 0.0076  峰值  316.3 @350

================================================================================================
配置                                  n       中位数        均值      最小      最大      极差       偏移比       峰值中位数
-------------------------------------------------------------------------------------------------------
actor_action_samplingboltzmann_actor_logit_scale80.0_actor_lr_final_fraction0.1_actor_trace_centersampling_greedy_eval_every50 10      12.4      75.3       9     294    32.7    0.0618        18.2
-------------------------------------------------------------------------------------------------------
「峰值中位数」是训练途中贪心评测的最好一次，**只作诊断**：它把「搜索不到好解」与「找到了但留不住」分开，这两者的修法不相交。验收数字仍取最终权重。
判据（计划书 §七）：中位数 >= 200 步
达标的配置：无
注意「极差」一列：本问题上它经常 > 3，说明单种子结论不可用。

全部 10 个格子都有数据。
