########## A4: 工作点（阈值） ##########
配置 3 个 × 种子 10 个 = **30 次运行**
单次约 4 秒，顺序执行，预计 2 分钟
逐次结果落盘到 sweep_results\step4_threshold/（每次运行一个文件）

[  1/30] actor_lr_final_fraction0.1_critic_threshold0.6_greedy_eval_every50 seed=0  →  155.8 步（101.0–286.0）  偏移比 0.0753  峰值  500.0 @600
[  2/30] actor_lr_final_fraction0.1_critic_threshold0.6_greedy_eval_every50 seed=1  →   54.4 步（45.0–70.0）  偏移比 0.0264  峰值  150.7 @250
[  3/30] actor_lr_final_fraction0.1_critic_threshold0.6_greedy_eval_every50 seed=2  →   56.7 步（49.0–67.0）  偏移比 0.0460  峰值  233.7 @150
[  4/30] actor_lr_final_fraction0.1_critic_threshold0.6_greedy_eval_every50 seed=3  →  277.1 步（153.0–459.0）  偏移比 0.0100  峰值  492.3 @700
[  5/30] actor_lr_final_fraction0.1_critic_threshold0.6_greedy_eval_every50 seed=4  →  121.8 步（49.0–161.0）  偏移比 0.0597  峰值  147.7 @750
[  6/30] actor_lr_final_fraction0.1_critic_threshold0.6_greedy_eval_every50 seed=5  →   87.5 步（43.0–111.0）  偏移比 0.0371  峰值  157.3 @350
[  7/30] actor_lr_final_fraction0.1_critic_threshold0.6_greedy_eval_every50 seed=6  →   59.7 步（39.0–84.0）  偏移比 0.0073  峰值  440.0 @750
[  8/30] actor_lr_final_fraction0.1_critic_threshold0.6_greedy_eval_every50 seed=7  →  108.7 步（101.0–114.0）  偏移比 0.0246  峰值  500.0 @100
[  9/30] actor_lr_final_fraction0.1_critic_threshold0.6_greedy_eval_every50 seed=8  →   90.0 步（78.0–116.0）  偏移比 0.0292  峰值  138.0 @200
[ 10/30] actor_lr_final_fraction0.1_critic_threshold0.6_greedy_eval_every50 seed=9  →   84.9 步（74.0–96.0）  偏移比 0.0029  峰值  150.3 @700
[ 11/30] actor_lr_final_fraction0.1_critic_threshold0.8_greedy_eval_every50 seed=0  →   60.5 步（50.0–71.0）  偏移比 0.0174  峰值  500.0 @400
[ 12/30] actor_lr_final_fraction0.1_critic_threshold0.8_greedy_eval_every50 seed=1  →   62.4 步（54.0–77.0）  偏移比 0.0544  峰值   79.3 @250
[ 13/30] actor_lr_final_fraction0.1_critic_threshold0.8_greedy_eval_every50 seed=2  →   60.2 步（46.0–98.0）  偏移比 0.0453  峰值  165.7 @500
[ 14/30] actor_lr_final_fraction0.1_critic_threshold0.8_greedy_eval_every50 seed=3  →  110.1 步（78.0–141.0）  偏移比 0.0227  峰值  257.3 @300
[ 15/30] actor_lr_final_fraction0.1_critic_threshold0.8_greedy_eval_every50 seed=4  →   75.6 步（47.0–147.0）  偏移比 0.0165  峰值   95.3 @800
[ 16/30] actor_lr_final_fraction0.1_critic_threshold0.8_greedy_eval_every50 seed=5  →   92.5 步（81.0–112.0）  偏移比 0.0512  峰值  108.7 @400
[ 17/30] actor_lr_final_fraction0.1_critic_threshold0.8_greedy_eval_every50 seed=6  →   95.7 步（71.0–114.0）  偏移比 0.0019  峰值  355.3 @500
[ 18/30] actor_lr_final_fraction0.1_critic_threshold0.8_greedy_eval_every50 seed=7  →  177.8 步（136.0–217.0）  偏移比 0.0275  峰值  458.0 @350
[ 19/30] actor_lr_final_fraction0.1_critic_threshold0.8_greedy_eval_every50 seed=8  →   91.5 步（80.0–100.0）  偏移比 0.0234  峰值  163.3 @450
[ 20/30] actor_lr_final_fraction0.1_critic_threshold0.8_greedy_eval_every50 seed=9  →   83.3 步（73.0–91.0）  偏移比 0.0222  峰值  208.0 @100
[ 21/30] actor_lr_final_fraction0.1_critic_threshold1.0_greedy_eval_every50 seed=0  →   55.9 步（29.0–91.0）  偏移比 0.0064  峰值   60.3 @600
[ 22/30] actor_lr_final_fraction0.1_critic_threshold1.0_greedy_eval_every50 seed=1  →   39.8 步（28.0–62.0）  偏移比 0.0468  峰值   62.7 @50
[ 23/30] actor_lr_final_fraction0.1_critic_threshold1.0_greedy_eval_every50 seed=2  →   69.9 步（40.0–201.0）  偏移比 0.0138  峰值  140.7 @200
[ 24/30] actor_lr_final_fraction0.1_critic_threshold1.0_greedy_eval_every50 seed=3  →   94.2 步（69.0–119.0）  偏移比 0.0317  峰值  140.7 @300
[ 25/30] actor_lr_final_fraction0.1_critic_threshold1.0_greedy_eval_every50 seed=4  →   64.3 步（44.0–89.0）  偏移比 0.0578  峰值  103.3 @600
[ 26/30] actor_lr_final_fraction0.1_critic_threshold1.0_greedy_eval_every50 seed=5  →   90.8 步（43.0–124.0）  偏移比 0.0722  峰值  110.7 @350
[ 27/30] actor_lr_final_fraction0.1_critic_threshold1.0_greedy_eval_every50 seed=6  →   69.0 步（44.0–100.0）  偏移比 0.0157  峰值   78.3 @700
[ 28/30] actor_lr_final_fraction0.1_critic_threshold1.0_greedy_eval_every50 seed=7  →  107.0 步（86.0–149.0）  偏移比 0.0083  峰值  266.7 @650
[ 29/30] actor_lr_final_fraction0.1_critic_threshold1.0_greedy_eval_every50 seed=8  →   38.8 步（33.0–46.0）  偏移比 0.1022  峰值   76.7 @100
[ 30/30] actor_lr_final_fraction0.1_critic_threshold1.0_greedy_eval_every50 seed=9  →   53.7 步（27.0–146.0）  偏移比 0.0205  峰值   66.0 @50

================================================================================================
配置                                  n       中位数        均值      最小      最大      极差       偏移比       峰值中位数
-------------------------------------------------------------------------------------------------------
actor_lr_final_fraction0.1_critic_threshold0.6_greedy_eval_every50 10      88.8     109.7      54     277     5.1    0.0278       195.5
actor_lr_final_fraction0.1_critic_threshold0.8_greedy_eval_every50 10      87.4      91.0      60     178     3.0    0.0230       186.8
actor_lr_final_fraction0.1_critic_threshold1.0_greedy_eval_every50 10      66.7      68.3      39     107     2.8    0.0261        90.8
-------------------------------------------------------------------------------------------------------
「峰值中位数」是训练途中贪心评测的最好一次，**只作诊断**：它把「搜索不到好解」与「找到了但留不住」分开，这两者的修法不相交。验收数字仍取最终权重。
判据（计划书 §七）：中位数 >= 200 步
达标的配置：无
注意「极差」一列：本问题上它经常 > 3，说明单种子结论不可用。

全部 30 个格子都有数据。
########## A4b: 增益 ##########
配置 1 个 × 种子 10 个 = **10 次运行**
单次约 4 秒，顺序执行，预计 1 分钟
逐次结果落盘到 sweep_results\step4_gain/（每次运行一个文件）

[  1/10] actor_lr_final_fraction0.1_critic_gain4.0_greedy_eval_every50 seed=0  →  125.5 步（98.0–194.0）  偏移比 0.0339  峰值  484.3 @400
[  2/10] actor_lr_final_fraction0.1_critic_gain4.0_greedy_eval_every50 seed=1  →   89.9 步（80.0–106.0）  偏移比 0.0323  峰值  105.7 @550
[  3/10] actor_lr_final_fraction0.1_critic_gain4.0_greedy_eval_every50 seed=2  →   93.1 步（85.0–100.0）  偏移比 0.0103  峰值  192.7 @300
[  4/10] actor_lr_final_fraction0.1_critic_gain4.0_greedy_eval_every50 seed=3  →  101.2 步（78.0–129.0）  偏移比 0.0051  峰值  190.7 @700
[  5/10] actor_lr_final_fraction0.1_critic_gain4.0_greedy_eval_every50 seed=4  →  121.7 步（74.0–164.0）  偏移比 0.0157  峰值  120.3 @800
[  6/10] actor_lr_final_fraction0.1_critic_gain4.0_greedy_eval_every50 seed=5  →   86.9 步（72.0–105.0）  偏移比 0.0306  峰值  179.0 @200
[  7/10] actor_lr_final_fraction0.1_critic_gain4.0_greedy_eval_every50 seed=6  →   99.8 步（38.0–500.0）  偏移比 0.0231  峰值  216.7 @600
[  8/10] actor_lr_final_fraction0.1_critic_gain4.0_greedy_eval_every50 seed=7  →  101.0 步（97.0–105.0）  偏移比 0.0048  峰值  127.3 @150
[  9/10] actor_lr_final_fraction0.1_critic_gain4.0_greedy_eval_every50 seed=8  →  116.1 步（97.0–144.0）  偏移比 0.0041  峰值  116.0 @550
[ 10/10] actor_lr_final_fraction0.1_critic_gain4.0_greedy_eval_every50 seed=9  →  111.1 步（100.0–119.0）  偏移比 0.0147  峰值  163.7 @250

================================================================================================
配置                                  n       中位数        均值      最小      最大      极差       偏移比       峰值中位数
-------------------------------------------------------------------------------------------------------
actor_lr_final_fraction0.1_critic_gain4.0_greedy_eval_every50 10     101.1     104.6      87     126     1.4    0.0152       171.3
-------------------------------------------------------------------------------------------------------
「峰值中位数」是训练途中贪心评测的最好一次，**只作诊断**：它把「搜索不到好解」与「找到了但留不住」分开，这两者的修法不相交。验收数字仍取最终权重。
判据（计划书 §七）：中位数 >= 200 步
达标的配置：无
注意「极差」一列：本问题上它经常 > 3，说明单种子结论不可用。

全部 10 个格子都有数据。
########## A3: 半梯度形状 ##########
配置 1 个 × 种子 10 个 = **10 次运行**
单次约 4 秒，顺序执行，预计 1 分钟
逐次结果落盘到 sweep_results\step4_postfactor/（每次运行一个文件）

[  1/10] actor_lr_final_fraction0.1_critic_trace_post_factorgradient_greedy_eval_every50 seed=0  →  106.4 步（86.0–140.0）  偏移比 0.0000  峰值  500.0 @600
[  2/10] actor_lr_final_fraction0.1_critic_trace_post_factorgradient_greedy_eval_every50 seed=1  →   51.7 步（42.0–101.0）  偏移比 0.0472  峰值   76.0 @250
[  3/10] actor_lr_final_fraction0.1_critic_trace_post_factorgradient_greedy_eval_every50 seed=2  →   47.0 步（33.0–75.0）  偏移比 0.0138  峰值  169.3 @750
[  4/10] actor_lr_final_fraction0.1_critic_trace_post_factorgradient_greedy_eval_every50 seed=3  →  116.3 步（84.0–152.0）  偏移比 0.0133  峰值  160.3 @700
[  5/10] actor_lr_final_fraction0.1_critic_trace_post_factorgradient_greedy_eval_every50 seed=4  →   57.4 步（45.0–73.0）  偏移比 0.0015  峰值   75.7 @400
[  6/10] actor_lr_final_fraction0.1_critic_trace_post_factorgradient_greedy_eval_every50 seed=5  →   93.9 步（82.0–114.0）  偏移比 0.0142  峰值   96.7 @400
[  7/10] actor_lr_final_fraction0.1_critic_trace_post_factorgradient_greedy_eval_every50 seed=6  →  197.3 步（48.0–500.0）  偏移比 0.0252  峰值  475.7 @600
[  8/10] actor_lr_final_fraction0.1_critic_trace_post_factorgradient_greedy_eval_every50 seed=7  →  133.3 步（104.0–192.0）  偏移比 0.0110  峰值  320.7 @250
[  9/10] actor_lr_final_fraction0.1_critic_trace_post_factorgradient_greedy_eval_every50 seed=8  →   98.1 步（29.0–148.0）  偏移比 0.0321  峰值  115.0 @750
[ 10/10] actor_lr_final_fraction0.1_critic_trace_post_factorgradient_greedy_eval_every50 seed=9  →  103.7 步（88.0–142.0）  偏移比 0.0364  峰值  132.7 @550

================================================================================================
配置                                  n       中位数        均值      最小      最大      极差       偏移比       峰值中位数
-------------------------------------------------------------------------------------------------------
actor_lr_final_fraction0.1_critic_trace_post_factorgradient_greedy_eval_every50 10     100.9     100.5      47     197     4.2    0.0140       146.5
-------------------------------------------------------------------------------------------------------
「峰值中位数」是训练途中贪心评测的最好一次，**只作诊断**：它把「搜索不到好解」与「找到了但留不住」分开，这两者的修法不相交。验收数字仍取最终权重。
判据（计划书 §七）：中位数 >= 200 步
达标的配置：无
注意「极差」一列：本问题上它经常 > 3，说明单种子结论不可用。

全部 10 个格子都有数据。
########## A2b: Critic 学习率下调 ##########
配置 1 个 × 种子 10 个 = **10 次运行**
单次约 4 秒，顺序执行，预计 1 分钟
逐次结果落盘到 sweep_results\step4_critic_lr_low/（每次运行一个文件）

[  1/10] actor_lr_final_fraction0.1_critic_learning_rate0.0001_greedy_eval_every50 seed=0  →  137.0 步（96.0–178.0）  偏移比 0.0025  峰值  141.0 @800
[  2/10] actor_lr_final_fraction0.1_critic_learning_rate0.0001_greedy_eval_every50 seed=1  →   49.6 步（45.0–56.0）  偏移比 0.0018  峰值   73.0 @300
[  3/10] actor_lr_final_fraction0.1_critic_learning_rate0.0001_greedy_eval_every50 seed=2  →   64.9 步（53.0–96.0）  偏移比 0.0139  峰值  198.7 @600
[  4/10] actor_lr_final_fraction0.1_critic_learning_rate0.0001_greedy_eval_every50 seed=3  →   70.3 步（63.0–77.0）  偏移比 0.0104  峰值  197.3 @450
[  5/10] actor_lr_final_fraction0.1_critic_learning_rate0.0001_greedy_eval_every50 seed=4  →  129.5 步（105.0–158.0）  偏移比 0.1086  峰值  125.3 @800
[  6/10] actor_lr_final_fraction0.1_critic_learning_rate0.0001_greedy_eval_every50 seed=5  →   94.7 步（83.0–113.0）  偏移比 0.0205  峰值  376.7 @100
[  7/10] actor_lr_final_fraction0.1_critic_learning_rate0.0001_greedy_eval_every50 seed=6  →  100.2 步（39.0–500.0）  偏移比 0.0290  峰值  500.0 @500
[  8/10] actor_lr_final_fraction0.1_critic_learning_rate0.0001_greedy_eval_every50 seed=7  →  115.3 步（101.0–127.0）  偏移比 0.0791  峰值  194.0 @650
[  9/10] actor_lr_final_fraction0.1_critic_learning_rate0.0001_greedy_eval_every50 seed=8  →   46.3 步（29.0–86.0）  偏移比 0.0331  峰值   81.3 @100
[ 10/10] actor_lr_final_fraction0.1_critic_learning_rate0.0001_greedy_eval_every50 seed=9  →  135.3 步（85.0–172.0）  偏移比 0.0485  峰值  154.3 @750

================================================================================================
配置                                  n       中位数        均值      最小      最大      极差       偏移比       峰值中位数
-------------------------------------------------------------------------------------------------------
actor_lr_final_fraction0.1_critic_learning_rate0.0001_greedy_eval_every50 10      97.5      94.3      46     137     3.0    0.0247       174.2
-------------------------------------------------------------------------------------------------------
「峰值中位数」是训练途中贪心评测的最好一次，**只作诊断**：它把「搜索不到好解」与「找到了但留不住」分开，这两者的修法不相交。验收数字仍取最终权重。
判据（计划书 §七）：中位数 >= 200 步
达标的配置：无
注意「极差」一列：本问题上它经常 > 3，说明单种子结论不可用。

全部 10 个格子都有数据。
