配置 7 个 × 种子 10 个 = **70 次运行**
单次约 4 秒，顺序执行，预计 5 分钟
逐次结果落盘到 sweep_results\step2_eta/（每次运行一个文件）

[  1/70] actor_learning_rate0.003_actor_lr_final_fraction1.0 seed=0  →  114.6 步（94–132）  偏移比 0.0076
[  2/70] actor_learning_rate0.003_actor_lr_final_fraction1.0 seed=1  →   61.1 步（52–77）  偏移比 0.0127
[  3/70] actor_learning_rate0.003_actor_lr_final_fraction1.0 seed=2  →   60.2 步（51–69）  偏移比 0.0142
[  4/70] actor_learning_rate0.003_actor_lr_final_fraction1.0 seed=3  →  119.9 步（105–131）  偏移比 0.0290
[  5/70] actor_learning_rate0.003_actor_lr_final_fraction1.0 seed=4  →   81.6 步（46–143）  偏移比 0.0162
[  6/70] actor_learning_rate0.003_actor_lr_final_fraction1.0 seed=5  →  162.3 步（105–326）  偏移比 0.0106
[  7/70] actor_learning_rate0.003_actor_lr_final_fraction1.0 seed=6  →   72.2 步（39–246）  偏移比 0.0112
[  8/70] actor_learning_rate0.003_actor_lr_final_fraction1.0 seed=7  →   41.1 步（26–98）  偏移比 0.0138
[  9/70] actor_learning_rate0.003_actor_lr_final_fraction1.0 seed=8  →   14.7 步（12–19）  偏移比 0.0059
[ 10/70] actor_learning_rate0.003_actor_lr_final_fraction1.0 seed=9  →  113.7 步（78–192）  偏移比 0.0614
[ 11/70] actor_learning_rate0.001_actor_lr_final_fraction1.0 seed=0  →  120.3 步（93–187）  偏移比 0.0127
[ 12/70] actor_learning_rate0.001_actor_lr_final_fraction1.0 seed=1  →   44.6 步（27–57）  偏移比 0.0115
[ 13/70] actor_learning_rate0.001_actor_lr_final_fraction1.0 seed=2  →   65.9 步（54–87）  偏移比 0.0089
[ 14/70] actor_learning_rate0.001_actor_lr_final_fraction1.0 seed=3  →  327.5 步（162–500）  偏移比 0.0111
[ 15/70] actor_learning_rate0.001_actor_lr_final_fraction1.0 seed=4  →  102.8 步（86–115）  偏移比 0.0316
[ 16/70] actor_learning_rate0.001_actor_lr_final_fraction1.0 seed=5  →   84.6 步（71–103）  偏移比 0.0011
[ 17/70] actor_learning_rate0.001_actor_lr_final_fraction1.0 seed=6  →  303.7 步（208–383）  偏移比 0.0085
[ 18/70] actor_learning_rate0.001_actor_lr_final_fraction1.0 seed=7  →   45.1 步（41–48）  偏移比 0.0498
[ 19/70] actor_learning_rate0.001_actor_lr_final_fraction1.0 seed=8  →   35.4 步（23–73）  偏移比 0.0169
[ 20/70] actor_learning_rate0.001_actor_lr_final_fraction1.0 seed=9  →  111.0 步（84–192）  偏移比 0.0104
[ 21/70] actor_learning_rate0.0003_actor_lr_final_fraction1.0 seed=0  →   76.8 步（67–89）  偏移比 0.0345
[ 22/70] actor_learning_rate0.0003_actor_lr_final_fraction1.0 seed=1  →   56.3 步（40–81）  偏移比 0.0343
[ 23/70] actor_learning_rate0.0003_actor_lr_final_fraction1.0 seed=2  →   90.2 步（59–167）  偏移比 0.0187
[ 24/70] actor_learning_rate0.0003_actor_lr_final_fraction1.0 seed=3  →   97.0 步（84–108）  偏移比 0.0244
[ 25/70] actor_learning_rate0.0003_actor_lr_final_fraction1.0 seed=4  →   49.9 步（39–64）  偏移比 0.0109
[ 26/70] actor_learning_rate0.0003_actor_lr_final_fraction1.0 seed=5  →   84.9 步（73–103）  偏移比 0.0092
[ 27/70] actor_learning_rate0.0003_actor_lr_final_fraction1.0 seed=6  →   13.8 步（11–16）  偏移比 0.0673
[ 28/70] actor_learning_rate0.0003_actor_lr_final_fraction1.0 seed=7  →  125.6 步（115–139）  偏移比 0.0235
[ 29/70] actor_learning_rate0.0003_actor_lr_final_fraction1.0 seed=8  →   40.8 步（25–51）  偏移比 0.0458
[ 30/70] actor_learning_rate0.0003_actor_lr_final_fraction1.0 seed=9  →   14.0 步（10–18）  偏移比 0.1048
[ 31/70] actor_learning_rate0.0001_actor_lr_final_fraction1.0 seed=0  →   86.0 步（66–110）  偏移比 0.0095
[ 32/70] actor_learning_rate0.0001_actor_lr_final_fraction1.0 seed=1  →   77.7 步（61–109）  偏移比 0.0195
[ 33/70] actor_learning_rate0.0001_actor_lr_final_fraction1.0 seed=2  →   65.0 步（53–98）  偏移比 0.0015
[ 34/70] actor_learning_rate0.0001_actor_lr_final_fraction1.0 seed=3  →  146.2 步（116–197）  偏移比 0.0470
[ 35/70] actor_learning_rate0.0001_actor_lr_final_fraction1.0 seed=4  →  108.1 步（30–126）  偏移比 0.0835
[ 36/70] actor_learning_rate0.0001_actor_lr_final_fraction1.0 seed=5  →  101.3 步（88–119）  偏移比 0.0168
[ 37/70] actor_learning_rate0.0001_actor_lr_final_fraction1.0 seed=6  →   24.4 步（19–32）  偏移比 0.0986
[ 38/70] actor_learning_rate0.0001_actor_lr_final_fraction1.0 seed=7  →   10.2 步（9–12）  偏移比 0.0243
[ 39/70] actor_learning_rate0.0001_actor_lr_final_fraction1.0 seed=8  →   66.8 步（36–79）  偏移比 0.0650
[ 40/70] actor_learning_rate0.0001_actor_lr_final_fraction1.0 seed=9  →   49.2 步（24–94）  偏移比 0.0142
[ 41/70] actor_learning_rate3e-05_actor_lr_final_fraction1.0 seed=0  →   11.6 步（10–16）  偏移比 0.0541
[ 42/70] actor_learning_rate3e-05_actor_lr_final_fraction1.0 seed=1  →   73.9 步（62–88）  偏移比 0.1567
[ 43/70] actor_learning_rate3e-05_actor_lr_final_fraction1.0 seed=2  →   64.0 步（50–95）  偏移比 0.0124
[ 44/70] actor_learning_rate3e-05_actor_lr_final_fraction1.0 seed=3  →   40.6 步（25–67）  偏移比 0.0219
[ 45/70] actor_learning_rate3e-05_actor_lr_final_fraction1.0 seed=4  →   51.9 步（34–77）  偏移比 0.0165
[ 46/70] actor_learning_rate3e-05_actor_lr_final_fraction1.0 seed=5  →   96.7 步（81–136）  偏移比 0.0064
[ 47/70] actor_learning_rate3e-05_actor_lr_final_fraction1.0 seed=6  →   63.7 步（46–92）  偏移比 0.0045
[ 48/70] actor_learning_rate3e-05_actor_lr_final_fraction1.0 seed=7  →   29.5 步（20–41）  偏移比 0.0313
[ 49/70] actor_learning_rate3e-05_actor_lr_final_fraction1.0 seed=8  →   29.8 步（21–38）  偏移比 0.0411
[ 50/70] actor_learning_rate3e-05_actor_lr_final_fraction1.0 seed=9  →   13.9 步（9–27）  偏移比 0.0961
[ 51/70] actor_learning_rate1e-05_actor_lr_final_fraction1.0 seed=0  →   15.5 步（10–31）  偏移比 0.0188
[ 52/70] actor_learning_rate1e-05_actor_lr_final_fraction1.0 seed=1  →   21.9 步（12–32）  偏移比 0.0089
[ 53/70] actor_learning_rate1e-05_actor_lr_final_fraction1.0 seed=2  →   84.8 步（62–183）  偏移比 0.0267
[ 54/70] actor_learning_rate1e-05_actor_lr_final_fraction1.0 seed=3  →   11.4 步（9–17）  偏移比 0.0530
[ 55/70] actor_learning_rate1e-05_actor_lr_final_fraction1.0 seed=4  →   42.7 步（28–59）  偏移比 0.0147
[ 56/70] actor_learning_rate1e-05_actor_lr_final_fraction1.0 seed=5  →   52.7 步（33–107）  偏移比 0.0229
[ 57/70] actor_learning_rate1e-05_actor_lr_final_fraction1.0 seed=6  →    9.3 步（8–11）  偏移比 0.0929
[ 58/70] actor_learning_rate1e-05_actor_lr_final_fraction1.0 seed=7  →   14.9 步（12–18）  偏移比 0.0243
[ 59/70] actor_learning_rate1e-05_actor_lr_final_fraction1.0 seed=8  →    9.5 步（8–11）  偏移比 0.0524
[ 60/70] actor_learning_rate1e-05_actor_lr_final_fraction1.0 seed=9  →   20.1 步（15–28）  偏移比 0.0703
[ 61/70] actor_learning_rate3e-06_actor_lr_final_fraction1.0 seed=0  →   26.4 步（14–35）  偏移比 0.0286
[ 62/70] actor_learning_rate3e-06_actor_lr_final_fraction1.0 seed=1  →   18.8 步（11–25）  偏移比 0.0217
[ 63/70] actor_learning_rate3e-06_actor_lr_final_fraction1.0 seed=2  →   71.6 步（35–118）  偏移比 0.0046
[ 64/70] actor_learning_rate3e-06_actor_lr_final_fraction1.0 seed=3  →    9.6 步（8–11）  偏移比 0.0620
[ 65/70] actor_learning_rate3e-06_actor_lr_final_fraction1.0 seed=4  →    9.5 步（8–11）  偏移比 0.0641
[ 66/70] actor_learning_rate3e-06_actor_lr_final_fraction1.0 seed=5  →    9.7 步（9–11）  偏移比 0.1581
[ 67/70] actor_learning_rate3e-06_actor_lr_final_fraction1.0 seed=6  →    9.0 步（8–11）  偏移比 0.1005
[ 68/70] actor_learning_rate3e-06_actor_lr_final_fraction1.0 seed=7  →   23.2 步（18–28）  偏移比 0.0500
[ 69/70] actor_learning_rate3e-06_actor_lr_final_fraction1.0 seed=8  →   19.3 步（15–24）  偏移比 0.0470
[ 70/70] actor_learning_rate3e-06_actor_lr_final_fraction1.0 seed=9  →   34.8 步（31–41）  偏移比 0.0635

================================================================================================
配置                                      n       中位数        均值      最小      最大      极差       偏移比
------------------------------------------------------------------------------------------------
actor_learning_rate0.001_actor_lr_final_fraction1.0 10      93.7     124.1      35     328     9.3    0.0113
actor_learning_rate0.003_actor_lr_final_fraction1.0 10      76.9      84.1      15     162    11.0    0.0133
actor_learning_rate0.0001_actor_lr_final_fraction1.0 10      72.2      73.5      10     146    14.3    0.0219
actor_learning_rate0.0003_actor_lr_final_fraction1.0 10      66.5      64.9      14     126     9.1    0.0293
actor_learning_rate3e-05_actor_lr_final_fraction1.0 10      46.2      47.6      12      97     8.3    0.0266
actor_learning_rate3e-06_actor_lr_final_fraction1.0 10      19.1      23.2       9      72     8.0    0.0560
actor_learning_rate1e-05_actor_lr_final_fraction1.0 10      17.8      28.3       9      85     9.1    0.0255
------------------------------------------------------------------------------------------------
判据（计划书 §七）：中位数 >= 200 步
达标的配置：无
注意「极差」一列：本问题上它经常 > 3，说明单种子结论不可用。

全部 70 个格子都有数据。
