W1 消融：5 个臂 × 1 个种子，设备 cuda

==============================================================================
臂 baseline（（验收配置，无覆盖））种子 0
==============================================================================
epoch   1  隐藏层局部目标（验证集）-0.1299
epoch  10  隐藏层局部目标（验证集）-0.2638
epoch  20  隐藏层局部目标（验证集）-0.2783
epoch  30  隐藏层局部目标（验证集）-0.2838
epoch  40  隐藏层局部目标（验证集）-0.2858
epoch  50  隐藏层局部目标（验证集）-0.2918
epoch  60  隐藏层局部目标（验证集）-0.2918
epoch  70  隐藏层局部目标（验证集）-0.2921
epoch  80  隐藏层局部目标（验证集）-0.2929
epoch  90  隐藏层局部目标（验证集）-0.2931
epoch 100  隐藏层局部目标（验证集）-0.2929
  λ=0       验证准确率 0.9772
  λ=0.0001  验证准确率 0.9793
  λ=0.001   验证准确率 0.9790
  λ=0.01    验证准确率 0.9767
  λ=0.1     验证准确率 0.9753

闭式解读出：累积 54000 个训练样本的 (XᵀX, XᵀY)，λ = 0.0001（由验证集选出，验证准确率 0.9793），全程耗时 1.9 s

测试集：loss 1.5196  准确率 0.9779
活跃单元比例（归一化前，§9 的速率型类比量）：0.9639
活动稀疏度：0.6184

```text
实验名称：ib_hebbian/mnist
日期：2026-09-23 15:07:01 中国标准时间
Git commit：4ecb5f9f809b5eaeb670bb8fdc53ff5f83ff66aa
Git 状态：干净
Python：3.12.14
操作系统 / 架构：Windows 11 / AMD64
硬件：NVIDIA GeForce RTX 5060，8,123 MB，sm_120
随机种子：base=0；全局种子=1741413617；划分验证集=1435468909；权重初始化=3486733650；每轮打乱=2263596658
依赖快照：uv.lock sha256=cbafb161e71421f9f228e23e2ab6f4f742f899e9958d290f214dac1dd948e37f
运行命令：ablation.py --seeds 0 --device cuda --out-dir data/w1_ablation_staging
耗时：335.9 s
显存峰值：1,167.0 MiB（§6.2 硬约束 8GB）
§6.2 降级路径：未触发
备注：隐藏层：width=1024, n_layers=3, n_groups=32, sigma=5.0, gamma=2.0, divnorm_power=0.2, eta_local=1.0, dropout=0.01
备注：读出：kind=ridge, ridge_lambda=0.0001（由验证集选出；累积 XᵀX / XᵀY 后一次解出，无反向传播、无迭代）
备注：局部目标：HSIC 估计量=plausible，核=gaussian，分组=on，除法归一化=on
备注：局部性：隐藏层逐层用自身目标就地更新、输入被切断梯度；读出的 (XᵀX, XᵀY) 是全局二阶统计量
```
[落盘] data\w1_ablation_staging\baseline_seed0.json

==============================================================================
臂 cossim（kernel=cossim）种子 0
==============================================================================
epoch   1  隐藏层局部目标（验证集）-0.1839
epoch  10  隐藏层局部目标（验证集）-0.2641
epoch  20  隐藏层局部目标（验证集）-0.2747
epoch  30  隐藏层局部目标（验证集）-0.2786
epoch  40  隐藏层局部目标（验证集）-0.2814
epoch  50  隐藏层局部目标（验证集）-0.2861
epoch  60  隐藏层局部目标（验证集）-0.2860
epoch  70  隐藏层局部目标（验证集）-0.2860
epoch  80  隐藏层局部目标（验证集）-0.2861
epoch  90  隐藏层局部目标（验证集）-0.2864
epoch 100  隐藏层局部目标（验证集）-0.2859
  λ=0       验证准确率 0.9587
  λ=0.0001  验证准确率 0.9573
  λ=0.001   验证准确率 0.9587
  λ=0.01    验证准确率 0.9582
  λ=0.1     验证准确率 0.9577

闭式解读出：累积 54000 个训练样本的 (XᵀX, XᵀY)，λ = 0（由验证集选出，验证准确率 0.9587），全程耗时 0.9 s

测试集：loss 1.5191  准确率 0.9582
活跃单元比例（归一化前，§9 的速率型类比量）：1.0000
活动稀疏度：0.6182

```text
实验名称：ib_hebbian/mnist
日期：2026-09-23 15:16:23 中国标准时间
Git commit：4ecb5f9f809b5eaeb670bb8fdc53ff5f83ff66aa
Git 状态：干净
Python：3.12.14
操作系统 / 架构：Windows 11 / AMD64
硬件：NVIDIA GeForce RTX 5060，8,123 MB，sm_120
随机种子：base=0；全局种子=1741413617；划分验证集=1435468909；权重初始化=3486733650；每轮打乱=2263596658
依赖快照：uv.lock sha256=cbafb161e71421f9f228e23e2ab6f4f742f899e9958d290f214dac1dd948e37f
运行命令：ablation.py --seeds 0 --device cuda --out-dir data/w1_ablation_staging
耗时：560.8 s
显存峰值：1,167.0 MiB（§6.2 硬约束 8GB）
§6.2 降级路径：未触发
备注：隐藏层：width=1024, n_layers=3, n_groups=32, sigma=5.0, gamma=2.0, divnorm_power=0.2, eta_local=1.0, dropout=0.01
备注：读出：kind=ridge, ridge_lambda=0（由验证集选出；累积 XᵀX / XᵀY 后一次解出，无反向传播、无迭代）
备注：局部目标：HSIC 估计量=plausible，核=cossim，分组=on，除法归一化=on（**不是验收配置**：验收默认是 plausible + gaussian + on + on）
备注：局部性：隐藏层逐层用自身目标就地更新、输入被切断梯度；读出的 (XᵀX, XᵀY) 是全局二阶统计量
```
[落盘] data\w1_ablation_staging\cossim_seed0.json

==============================================================================
臂 divnorm_off（divnorm=off）种子 0
==============================================================================
epoch   1  隐藏层局部目标（验证集）-0.1508
epoch  10  隐藏层局部目标（验证集）-0.2484
epoch  20  隐藏层局部目标（验证集）-0.2058
epoch  30  隐藏层局部目标（验证集）-0.1591
epoch  40  隐藏层局部目标（验证集）-0.0928
epoch  50  隐藏层局部目标（验证集）-0.0936
epoch  60  隐藏层局部目标（验证集）-0.0939
epoch  70  隐藏层局部目标（验证集）-0.0943
epoch  80  隐藏层局部目标（验证集）-0.0954
epoch  90  隐藏层局部目标（验证集）-0.0997
epoch 100  隐藏层局部目标（验证集）-0.1614
  λ=0       验证准确率 0.9222
  λ=0.0001  验证准确率 0.9163
  λ=0.001   验证准确率 0.9180
  λ=0.01    验证准确率 0.9135
  λ=0.1     验证准确率 0.9043

闭式解读出：累积 54000 个训练样本的 (XᵀX, XᵀY)，λ = 0（由验证集选出，验证准确率 0.9222），全程耗时 0.8 s

测试集：loss 1.6138  准确率 0.9261
活跃单元比例（归一化前，§9 的速率型类比量）：0.8662
活动稀疏度：0.5989

```text
实验名称：ib_hebbian/mnist
日期：2026-09-23 15:21:23 中国标准时间
Git commit：4ecb5f9f809b5eaeb670bb8fdc53ff5f83ff66aa
Git 状态：干净
Python：3.12.14
操作系统 / 架构：Windows 11 / AMD64
硬件：NVIDIA GeForce RTX 5060，8,123 MB，sm_120
随机种子：base=0；全局种子=1741413617；划分验证集=1435468909；权重初始化=3486733650；每轮打乱=2263596658
依赖快照：uv.lock sha256=cbafb161e71421f9f228e23e2ab6f4f742f899e9958d290f214dac1dd948e37f
运行命令：ablation.py --seeds 0 --device cuda --out-dir data/w1_ablation_staging
耗时：298.7 s
显存峰值：1,167.0 MiB（§6.2 硬约束 8GB）
§6.2 降级路径：未触发
备注：隐藏层：width=1024, n_layers=3, n_groups=32, sigma=5.0, gamma=2.0, divnorm_power=0.2, eta_local=1.0, dropout=0.01
备注：读出：kind=ridge, ridge_lambda=0（由验证集选出；累积 XᵀX / XᵀY 后一次解出，无反向传播、无迭代）
备注：局部目标：HSIC 估计量=plausible，核=gaussian，分组=on，除法归一化=off（**不是验收配置**：验收默认是 plausible + gaussian + on + on）
备注：局部性：隐藏层逐层用自身目标就地更新、输入被切断梯度；读出的 (XᵀX, XᵀY) 是全局二阶统计量
```
[落盘] data\w1_ablation_staging\divnorm_off_seed0.json

==============================================================================
臂 grouping_off（grouping=off, divnorm=off）种子 0
==============================================================================
epoch   1  隐藏层局部目标（验证集）-0.2153
epoch  10  隐藏层局部目标（验证集）-0.2308
epoch  20  隐藏层局部目标（验证集）-0.2312
epoch  30  隐藏层局部目标（验证集）-0.2347
epoch  40  隐藏层局部目标（验证集）-0.2353
epoch  50  隐藏层局部目标（验证集）-0.2399
epoch  60  隐藏层局部目标（验证集）-0.2399
epoch  70  隐藏层局部目标（验证集）-0.2412
epoch  80  隐藏层局部目标（验证集）-0.2413
epoch  90  隐藏层局部目标（验证集）-0.2416
epoch 100  隐藏层局部目标（验证集）-0.2419
  λ=0       验证准确率 0.9367
  λ=0.0001  验证准确率 0.9360
  λ=0.001   验证准确率 0.9365
  λ=0.01    验证准确率 0.9358
  λ=0.1     验证准确率 0.9335

闭式解读出：累积 54000 个训练样本的 (XᵀX, XᵀY)，λ = 0（由验证集选出，验证准确率 0.9367），全程耗时 0.7 s

测试集：loss 1.5461  准确率 0.9425
活跃单元比例（归一化前，§9 的速率型类比量）：0.9775
活动稀疏度：0.5868

```text
实验名称：ib_hebbian/mnist
日期：2026-09-23 15:25:04 中国标准时间
Git commit：4ecb5f9f809b5eaeb670bb8fdc53ff5f83ff66aa
Git 状态：干净
Python：3.12.14
操作系统 / 架构：Windows 11 / AMD64
硬件：NVIDIA GeForce RTX 5060，8,123 MB，sm_120
随机种子：base=0；全局种子=1741413617；划分验证集=1435468909；权重初始化=3486733650；每轮打乱=2263596658
依赖快照：uv.lock sha256=cbafb161e71421f9f228e23e2ab6f4f742f899e9958d290f214dac1dd948e37f
运行命令：ablation.py --seeds 0 --device cuda --out-dir data/w1_ablation_staging
耗时：220.5 s
显存峰值：1,167.0 MiB（§6.2 硬约束 8GB）
§6.2 降级路径：未触发
备注：隐藏层：width=1024, n_layers=3, n_groups=32, sigma=5.0, gamma=2.0, divnorm_power=0.2, eta_local=1.0, dropout=0.01
备注：读出：kind=ridge, ridge_lambda=0（由验证集选出；累积 XᵀX / XᵀY 后一次解出，无反向传播、无迭代）
备注：局部目标：HSIC 估计量=plausible，核=gaussian，分组=off，除法归一化=off（**不是验收配置**：验收默认是 plausible + gaussian + on + on）
备注：局部性：隐藏层逐层用自身目标就地更新、输入被切断梯度；读出的 (XᵀX, XᵀY) 是全局二阶统计量
```
[落盘] data\w1_ablation_staging\grouping_off_seed0.json

==============================================================================
臂 hsic（hsic_estimate_mode=biased）种子 0
==============================================================================
epoch   1  隐藏层局部目标（验证集）-0.1388
epoch  10  隐藏层局部目标（验证集）-0.2686
epoch  20  隐藏层局部目标（验证集）-0.2815
epoch  30  隐藏层局部目标（验证集）-0.2857
epoch  40  隐藏层局部目标（验证集）-0.2881
epoch  50  隐藏层局部目标（验证集）-0.2925
epoch  60  隐藏层局部目标（验证集）-0.2931
epoch  70  隐藏层局部目标（验证集）-0.2929
epoch  80  隐藏层局部目标（验证集）-0.2939
epoch  90  隐藏层局部目标（验证集）-0.2942
epoch 100  隐藏层局部目标（验证集）-0.2939
  λ=0       验证准确率 0.9760
  λ=0.0001  验证准确率 0.9747
  λ=0.001   验证准确率 0.9758
  λ=0.01    验证准确率 0.9755
  λ=0.1     验证准确率 0.9728

闭式解读出：累积 54000 个训练样本的 (XᵀX, XᵀY)，λ = 0（由验证集选出，验证准确率 0.9760），全程耗时 0.9 s

测试集：loss 1.5228  准确率 0.9769
活跃单元比例（归一化前，§9 的速率型类比量）：0.9805
活动稀疏度：0.5716

```text
实验名称：ib_hebbian/mnist
日期：2026-09-23 15:32:05 中国标准时间
Git commit：4ecb5f9f809b5eaeb670bb8fdc53ff5f83ff66aa
Git 状态：干净
Python：3.12.14
操作系统 / 架构：Windows 11 / AMD64
硬件：NVIDIA GeForce RTX 5060，8,123 MB，sm_120
随机种子：base=0；全局种子=1741413617；划分验证集=1435468909；权重初始化=3486733650；每轮打乱=2263596658
依赖快照：uv.lock sha256=cbafb161e71421f9f228e23e2ab6f4f742f899e9958d290f214dac1dd948e37f
运行命令：ablation.py --seeds 0 --device cuda --out-dir data/w1_ablation_staging
耗时：420.8 s
显存峰值：1,167.0 MiB（§6.2 硬约束 8GB）
§6.2 降级路径：未触发
备注：隐藏层：width=1024, n_layers=3, n_groups=32, sigma=5.0, gamma=2.0, divnorm_power=0.2, eta_local=1.0, dropout=0.01
备注：读出：kind=ridge, ridge_lambda=0（由验证集选出；累积 XᵀX / XᵀY 后一次解出，无反向传播、无迭代）
备注：局部目标：HSIC 估计量=biased，核=gaussian，分组=on，除法归一化=on（**不是验收配置**：验收默认是 plausible + gaussian + on + on）
备注：局部性：隐藏层逐层用自身目标就地更新、输入被切断梯度；读出的 (XᵀX, XᵀY) 是全局二阶统计量
```
[落盘] data\w1_ablation_staging\hsic_seed0.json

==============================================================================
W1 消融对照（基线为 baseline 臂）
==============================================================================
  baseline       均值 0.9779
  cossim         均值 0.9582   Δ vs baseline -1.97 个百分点
  divnorm_off    均值 0.9261   Δ vs baseline -5.18 个百分点
  grouping_off   均值 0.9425   Δ vs baseline -3.54 个百分点
  hsic           均值 0.9769   Δ vs baseline -0.10 个百分点

  JSON 落在 data\w1_ablation_staging/，逐臂逐种子可查（每条臂都记了它对应论文的哪一列）
  提醒：hsic 那一臂**没有论文数字可比**——论文只给了定性结论（§5.1 / 附录 D.8）
