W1 多随机种子：5 个种子（0–4），设备 cuda

==============================================================================
种子 0
==============================================================================
epoch   1  隐藏层局部目标（验证集）-0.1299
epoch  10  隐藏层局部目标（验证集）-0.2638
epoch  20  隐藏层局部目标（验证集）-0.2783
epoch  30  隐藏层局部目标（验证集）-0.2838
epoch  40  隐藏层局部目标（验证集）-0.2858
epoch  50  隐藏层局部目标（验证集）-0.2918
epoch  60  隐藏层局部目标（验证集）-0.2918
epoch  70  隐藏层局部目标（验证集）-0.2921
epoch  80  隐藏层局部目标（验证集）-0.2929
epoch  90  隐藏层局部目标（验证集）-0.2931
epoch 100  隐藏层局部目标（验证集）-0.2929
  λ=0       验证准确率 0.9772
  λ=0.0001  验证准确率 0.9793
  λ=0.001   验证准确率 0.9790
  λ=0.01    验证准确率 0.9767
  λ=0.1     验证准确率 0.9753

闭式解读出：累积 54000 个训练样本的 (XᵀX, XᵀY)，λ = 0.0001（由验证集选出，验证准确率 0.9793），全程耗时 1.3 s

测试集：loss 1.5196  准确率 0.9779
活跃单元比例（归一化前，§9 的速率型类比量）：0.9639
活动稀疏度：0.6184

```text
实验名称：ib_hebbian/mnist
日期：2026-09-23 14:39:39 中国标准时间
Git commit：e92d353a0ed3f0e325f576c6ca3369178a0ee79a
Git 状态：干净
Python：3.12.14
操作系统 / 架构：Windows 11 / AMD64
硬件：NVIDIA GeForce RTX 5060，8,123 MB，sm_120
随机种子：base=0；全局种子=1741413617；划分验证集=1435468909；权重初始化=3486733650；每轮打乱=2263596658
依赖快照：uv.lock sha256=cbafb161e71421f9f228e23e2ab6f4f742f899e9958d290f214dac1dd948e37f
运行命令：sweep_seeds.py --seeds 0-4 --device cuda --out-dir data/w1_sweep_staging
耗时：289.8 s
显存峰值：1,167.0 MiB（§6.2 硬约束 8GB）
§6.2 降级路径：未触发
备注：隐藏层：width=1024, n_layers=3, n_groups=32, sigma=5.0, gamma=2.0, divnorm_power=0.2, eta_local=1.0, dropout=0.01
备注：读出：kind=ridge, ridge_lambda=0.0001（由验证集选出；累积 XᵀX / XᵀY 后一次解出，无反向传播、无迭代）
备注：局部性：隐藏层逐层用自身目标就地更新、输入被切断梯度；读出的 (XᵀX, XᵀY) 是全局二阶统计量
```
[落盘] data\w1_sweep_staging\seed0.json

==============================================================================
种子 1
==============================================================================
epoch   1  隐藏层局部目标（验证集）-0.1366
epoch  10  隐藏层局部目标（验证集）-0.2707
epoch  20  隐藏层局部目标（验证集）-0.2819
epoch  30  隐藏层局部目标（验证集）-0.2867
epoch  40  隐藏层局部目标（验证集）-0.2890
epoch  50  隐藏层局部目标（验证集）-0.2940
epoch  60  隐藏层局部目标（验证集）-0.2943
epoch  70  隐藏层局部目标（验证集）-0.2943
epoch  80  隐藏层局部目标（验证集）-0.2954
epoch  90  隐藏层局部目标（验证集）-0.2951
epoch 100  隐藏层局部目标（验证集）-0.2954
  λ=0       验证准确率 0.9798
  λ=0.0001  验证准确率 0.9812
  λ=0.001   验证准确率 0.9803
  λ=0.01    验证准确率 0.9798
  λ=0.1     验证准确率 0.9790

闭式解读出：累积 54000 个训练样本的 (XᵀX, XᵀY)，λ = 0.0001（由验证集选出，验证准确率 0.9812），全程耗时 0.8 s

测试集：loss 1.5229  准确率 0.9774
活跃单元比例（归一化前，§9 的速率型类比量）：0.9736
活动稀疏度：0.6249

```text
实验名称：ib_hebbian/mnist
日期：2026-09-23 14:44:08 中国标准时间
Git commit：e92d353a0ed3f0e325f576c6ca3369178a0ee79a
Git 状态：干净
Python：3.12.14
操作系统 / 架构：Windows 11 / AMD64
硬件：NVIDIA GeForce RTX 5060，8,123 MB，sm_120
随机种子：base=1；全局种子=1741413616；划分验证集=1435468908；权重初始化=3486733651；每轮打乱=2263596659
依赖快照：uv.lock sha256=cbafb161e71421f9f228e23e2ab6f4f742f899e9958d290f214dac1dd948e37f
运行命令：sweep_seeds.py --seeds 0-4 --device cuda --out-dir data/w1_sweep_staging
耗时：268.5 s
显存峰值：1,167.0 MiB（§6.2 硬约束 8GB）
§6.2 降级路径：未触发
备注：隐藏层：width=1024, n_layers=3, n_groups=32, sigma=5.0, gamma=2.0, divnorm_power=0.2, eta_local=1.0, dropout=0.01
备注：读出：kind=ridge, ridge_lambda=0.0001（由验证集选出；累积 XᵀX / XᵀY 后一次解出，无反向传播、无迭代）
备注：局部性：隐藏层逐层用自身目标就地更新、输入被切断梯度；读出的 (XᵀX, XᵀY) 是全局二阶统计量
```
[落盘] data\w1_sweep_staging\seed1.json

==============================================================================
种子 2
==============================================================================
epoch   1  隐藏层局部目标（验证集）-0.1367
epoch  10  隐藏层局部目标（验证集）-0.2678
epoch  20  隐藏层局部目标（验证集）-0.2781
epoch  30  隐藏层局部目标（验证集）-0.2824
epoch  40  隐藏层局部目标（验证集）-0.2836
epoch  50  隐藏层局部目标（验证集）-0.2896
epoch  60  隐藏层局部目标（验证集）-0.2900
epoch  70  隐藏层局部目标（验证集）-0.2901
epoch  80  隐藏层局部目标（验证集）-0.2909
epoch  90  隐藏层局部目标（验证集）-0.2914
epoch 100  隐藏层局部目标（验证集）-0.2911
  λ=0       验证准确率 0.9762
  λ=0.0001  验证准确率 0.9763
  λ=0.001   验证准确率 0.9767
  λ=0.01    验证准确率 0.9760
  λ=0.1     验证准确率 0.9755

闭式解读出：累积 54000 个训练样本的 (XᵀX, XᵀY)，λ = 0.001（由验证集选出，验证准确率 0.9767），全程耗时 0.8 s

测试集：loss 1.5216  准确率 0.9776
活跃单元比例（归一化前，§9 的速率型类比量）：0.9844
活动稀疏度：0.6089

```text
实验名称：ib_hebbian/mnist
日期：2026-09-23 14:48:27 中国标准时间
Git commit：e92d353a0ed3f0e325f576c6ca3369178a0ee79a
Git 状态：干净
Python：3.12.14
操作系统 / 架构：Windows 11 / AMD64
硬件：NVIDIA GeForce RTX 5060，8,123 MB，sm_120
随机种子：base=2；全局种子=1741413619；划分验证集=1435468911；权重初始化=3486733648；每轮打乱=2263596656
依赖快照：uv.lock sha256=cbafb161e71421f9f228e23e2ab6f4f742f899e9958d290f214dac1dd948e37f
运行命令：sweep_seeds.py --seeds 0-4 --device cuda --out-dir data/w1_sweep_staging
耗时：258.7 s
显存峰值：1,167.0 MiB（§6.2 硬约束 8GB）
§6.2 降级路径：未触发
备注：隐藏层：width=1024, n_layers=3, n_groups=32, sigma=5.0, gamma=2.0, divnorm_power=0.2, eta_local=1.0, dropout=0.01
备注：读出：kind=ridge, ridge_lambda=0.001（由验证集选出；累积 XᵀX / XᵀY 后一次解出，无反向传播、无迭代）
备注：局部性：隐藏层逐层用自身目标就地更新、输入被切断梯度；读出的 (XᵀX, XᵀY) 是全局二阶统计量
```
[落盘] data\w1_sweep_staging\seed2.json

==============================================================================
种子 3
==============================================================================
epoch   1  隐藏层局部目标（验证集）-0.1387
epoch  10  隐藏层局部目标（验证集）-0.2637
epoch  20  隐藏层局部目标（验证集）-0.2766
epoch  30  隐藏层局部目标（验证集）-0.2806
epoch  40  隐藏层局部目标（验证集）-0.2840
epoch  50  隐藏层局部目标（验证集）-0.2896
epoch  60  隐藏层局部目标（验证集）-0.2898
epoch  70  隐藏层局部目标（验证集）-0.2901
epoch  80  隐藏层局部目标（验证集）-0.2909
epoch  90  隐藏层局部目标（验证集）-0.2910
epoch 100  隐藏层局部目标（验证集）-0.2911
  λ=0       验证准确率 0.9747
  λ=0.0001  验证准确率 0.9737
  λ=0.001   验证准确率 0.9735
  λ=0.01    验证准确率 0.9742
  λ=0.1     验证准确率 0.9713

闭式解读出：累积 54000 个训练样本的 (XᵀX, XᵀY)，λ = 0（由验证集选出，验证准确率 0.9747），全程耗时 0.7 s

测试集：loss 1.5213  准确率 0.9765
活跃单元比例（归一化前，§9 的速率型类比量）：0.9775
活动稀疏度：0.6235

```text
实验名称：ib_hebbian/mnist
日期：2026-09-23 14:53:01 中国标准时间
Git commit：e92d353a0ed3f0e325f576c6ca3369178a0ee79a
Git 状态：干净
Python：3.12.14
操作系统 / 架构：Windows 11 / AMD64
硬件：NVIDIA GeForce RTX 5060，8,123 MB，sm_120
随机种子：base=3；全局种子=1741413618；划分验证集=1435468910；权重初始化=3486733649；每轮打乱=2263596657
依赖快照：uv.lock sha256=cbafb161e71421f9f228e23e2ab6f4f742f899e9958d290f214dac1dd948e37f
运行命令：sweep_seeds.py --seeds 0-4 --device cuda --out-dir data/w1_sweep_staging
耗时：273.3 s
显存峰值：1,167.0 MiB（§6.2 硬约束 8GB）
§6.2 降级路径：未触发
备注：隐藏层：width=1024, n_layers=3, n_groups=32, sigma=5.0, gamma=2.0, divnorm_power=0.2, eta_local=1.0, dropout=0.01
备注：读出：kind=ridge, ridge_lambda=0（由验证集选出；累积 XᵀX / XᵀY 后一次解出，无反向传播、无迭代）
备注：局部性：隐藏层逐层用自身目标就地更新、输入被切断梯度；读出的 (XᵀX, XᵀY) 是全局二阶统计量
```
[落盘] data\w1_sweep_staging\seed3.json

==============================================================================
种子 4
==============================================================================
epoch   1  隐藏层局部目标（验证集）-0.1264
epoch  10  隐藏层局部目标（验证集）-0.2668
epoch  20  隐藏层局部目标（验证集）-0.2793
epoch  30  隐藏层局部目标（验证集）-0.2842
epoch  40  隐藏层局部目标（验证集）-0.2868
epoch  50  隐藏层局部目标（验证集）-0.2922
epoch  60  隐藏层局部目标（验证集）-0.2924
epoch  70  隐藏层局部目标（验证集）-0.2923
epoch  80  隐藏层局部目标（验证集）-0.2933
epoch  90  隐藏层局部目标（验证集）-0.2934
epoch 100  隐藏层局部目标（验证集）-0.2932
  λ=0       验证准确率 0.9768
  λ=0.0001  验证准确率 0.9747
  λ=0.001   验证准确率 0.9748
  λ=0.01    验证准确率 0.9750
  λ=0.1     验证准确率 0.9725

闭式解读出：累积 54000 个训练样本的 (XᵀX, XᵀY)，λ = 0（由验证集选出，验证准确率 0.9768），全程耗时 0.7 s

测试集：loss 1.5220  准确率 0.9774
活跃单元比例（归一化前，§9 的速率型类比量）：0.9912
活动稀疏度：0.5595

```text
实验名称：ib_hebbian/mnist
日期：2026-09-23 14:58:18 中国标准时间
Git commit：e92d353a0ed3f0e325f576c6ca3369178a0ee79a
Git 状态：干净
Python：3.12.14
操作系统 / 架构：Windows 11 / AMD64
硬件：NVIDIA GeForce RTX 5060，8,123 MB，sm_120
随机种子：base=4；全局种子=1741413621；划分验证集=1435468905；权重初始化=3486733654；每轮打乱=2263596662
依赖快照：uv.lock sha256=cbafb161e71421f9f228e23e2ab6f4f742f899e9958d290f214dac1dd948e37f
运行命令：sweep_seeds.py --seeds 0-4 --device cuda --out-dir data/w1_sweep_staging
耗时：315.8 s
显存峰值：1,167.0 MiB（§6.2 硬约束 8GB）
§6.2 降级路径：未触发
备注：隐藏层：width=1024, n_layers=3, n_groups=32, sigma=5.0, gamma=2.0, divnorm_power=0.2, eta_local=1.0, dropout=0.01
备注：读出：kind=ridge, ridge_lambda=0（由验证集选出；累积 XᵀX / XᵀY 后一次解出，无反向传播、无迭代）
备注：局部性：隐藏层逐层用自身目标就地更新、输入被切断梯度；读出的 (XᵀX, XᵀY) 是全局二阶统计量
```
[落盘] data\w1_sweep_staging\seed4.json

==============================================================================
W1 多随机种子汇总（5 个种子：0–4）
==============================================================================
  种子   0  准确率 0.9779  耗时 292 s
  种子   1  准确率 0.9774  耗时 269 s
  种子   2  准确率 0.9776  耗时 259 s
  种子   3  准确率 0.9765  耗时 274 s
  种子   4  准确率 0.9774  耗时 316 s

  均值 0.9774  最小 0.9765  最大 0.9779  极差 0.14 个百分点
  （论文表 1/表 4 在 MNIST 上的极差约 0.3 个百分点，可据此对照）
  JSON 落在 data\w1_sweep_staging/，逐种子可查
