W2 多随机种子：5 个种子（0–4），数据集 smnist，设备 cuda

==============================================================================
种子 0
==============================================================================
epoch   1  train_ce 2.0391  val_acc 0.4165
epoch   2  train_ce 1.7694  val_acc 0.4663
epoch   3  train_ce 1.6319  val_acc 0.4927
epoch   4  train_ce 1.5335  val_acc 0.5302
epoch   5  train_ce 1.4492  val_acc 0.5558
epoch   6  train_ce 1.3710  val_acc 0.5797
epoch   7  train_ce 1.3023  val_acc 0.6017
epoch   8  train_ce 1.2420  val_acc 0.6242
epoch   9  train_ce 1.1883  val_acc 0.6368
epoch  10  train_ce 1.1417  val_acc 0.6465
epoch  11  train_ce 1.1010  val_acc 0.6605
epoch  12  train_ce 1.0667  val_acc 0.6690
epoch  13  train_ce 1.0314  val_acc 0.6770
epoch  14  train_ce 1.0028  val_acc 0.6900
epoch  15  train_ce 0.9768  val_acc 0.6987
epoch  16  train_ce 0.9519  val_acc 0.7000
epoch  17  train_ce 0.9305  val_acc 0.7042
epoch  18  train_ce 0.9131  val_acc 0.7080
epoch  19  train_ce 0.8958  val_acc 0.7177
epoch  20  train_ce 0.8784  val_acc 0.7227
epoch  21  train_ce 0.8624  val_acc 0.7260
epoch  22  train_ce 0.8475  val_acc 0.7337
epoch  23  train_ce 0.8293  val_acc 0.7370
epoch  24  train_ce 0.8149  val_acc 0.7475
epoch  25  train_ce 0.8018  val_acc 0.7492
epoch  26  train_ce 0.7897  val_acc 0.7513
epoch  27  train_ce 0.7783  val_acc 0.7542
epoch  28  train_ce 0.7681  val_acc 0.7630
epoch  29  train_ce 0.7541  val_acc 0.7647
epoch  30  train_ce 0.7414  val_acc 0.7695
epoch  31  train_ce 0.7322  val_acc 0.7613
epoch  32  train_ce 0.7220  val_acc 0.7787
epoch  33  train_ce 0.7088  val_acc 0.7752
epoch  34  train_ce 0.6978  val_acc 0.7765
epoch  35  train_ce 0.6911  val_acc 0.7785
epoch  36  train_ce 0.6828  val_acc 0.7850
epoch  37  train_ce 0.6767  val_acc 0.7880
epoch  38  train_ce 0.6688  val_acc 0.7907
epoch  39  train_ce 0.6559  val_acc 0.7907
epoch  40  train_ce 0.6506  val_acc 0.7933
epoch  41  train_ce 0.6441  val_acc 0.7942
epoch  42  train_ce 0.6381  val_acc 0.7953
epoch  43  train_ce 0.6336  val_acc 0.8060
epoch  44  train_ce 0.6279  val_acc 0.8030
epoch  45  train_ce 0.6193  val_acc 0.8092
epoch  46  train_ce 0.6127  val_acc 0.8068
epoch  47  train_ce 0.6091  val_acc 0.8043
epoch  48  train_ce 0.6064  val_acc 0.8045
epoch  49  train_ce 0.5998  val_acc 0.8097
epoch  50  train_ce 0.5945  val_acc 0.8063
epoch  51  train_ce 0.5907  val_acc 0.8147
epoch  52  train_ce 0.5867  val_acc 0.8067
epoch  53  train_ce 0.5789  val_acc 0.8153
epoch  54  train_ce 0.5751  val_acc 0.8170
epoch  55  train_ce 0.5713  val_acc 0.8133
epoch  56  train_ce 0.5680  val_acc 0.8220
epoch  57  train_ce 0.5589  val_acc 0.8212
epoch  58  train_ce 0.5582  val_acc 0.8248
epoch  59  train_ce 0.5526  val_acc 0.8232
epoch  60  train_ce 0.5497  val_acc 0.8270
epoch  61  train_ce 0.5467  val_acc 0.8327
epoch  62  train_ce 0.5443  val_acc 0.8278
epoch  63  train_ce 0.5387  val_acc 0.8210
epoch  64  train_ce 0.5353  val_acc 0.8310
epoch  65  train_ce 0.5322  val_acc 0.8280
epoch  66  train_ce 0.5286  val_acc 0.8300
epoch  67  train_ce 0.5257  val_acc 0.8277
epoch  68  train_ce 0.5243  val_acc 0.8248
epoch  69  train_ce 0.5168  val_acc 0.8323
epoch  70  train_ce 0.5169  val_acc 0.8342
epoch  71  train_ce 0.5139  val_acc 0.8320
epoch  72  train_ce 0.5129  val_acc 0.8368
epoch  73  train_ce 0.5115  val_acc 0.8355
epoch  74  train_ce 0.5058  val_acc 0.8375
epoch  75  train_ce 0.5033  val_acc 0.8352
epoch  76  train_ce 0.4979  val_acc 0.8373
epoch  77  train_ce 0.4979  val_acc 0.8387
epoch  78  train_ce 0.4983  val_acc 0.8380
epoch  79  train_ce 0.4900  val_acc 0.8367
epoch  80  train_ce 0.4907  val_acc 0.8407
epoch  81  train_ce 0.4872  val_acc 0.8365
epoch  82  train_ce 0.4868  val_acc 0.8442
epoch  83  train_ce 0.4838  val_acc 0.8400
epoch  84  train_ce 0.4845  val_acc 0.8445
epoch  85  train_ce 0.4765  val_acc 0.8417
epoch  86  train_ce 0.4755  val_acc 0.8350
epoch  87  train_ce 0.4762  val_acc 0.8387
epoch  88  train_ce 0.4729  val_acc 0.8435
epoch  89  train_ce 0.4695  val_acc 0.8450
epoch  90  train_ce 0.4726  val_acc 0.8425
epoch  91  train_ce 0.4669  val_acc 0.8463
epoch  92  train_ce 0.4686  val_acc 0.8433
epoch  93  train_ce 0.4614  val_acc 0.8460
epoch  94  train_ce 0.4640  val_acc 0.8442
epoch  95  train_ce 0.4614  val_acc 0.8523
epoch  96  train_ce 0.4569  val_acc 0.8430
epoch  97  train_ce 0.4546  val_acc 0.8518
epoch  98  train_ce 0.4543  val_acc 0.8483
epoch  99  train_ce 0.4515  val_acc 0.8520
epoch 100  train_ce 0.4534  val_acc 0.8475

测试准确率：0.8534（10 类随机基线 0.10）
活跃神经元比例：1.0000（§七 阈值 > 0.6）
脉冲稀疏度：0.8449

```text
实验名称：eprop/smnist
日期：2026-09-24 18:56:09 中国标准时间
Git commit：32774099a77e3a12257e45df5171ea21d1811c93
Git 状态：干净
Python：3.12.14
操作系统 / 架构：Windows 11 / AMD64
硬件：NVIDIA GeForce RTX 5060，8,123 MB，sm_120
随机种子：base=0；全局种子=1741413617；划分验证集=1435468909；权重初始化=3486733650；每批打乱=3990329895；脉冲编码=1681094898
依赖快照：uv.lock sha256=cbafb161e71421f9f228e23e2ab6f4f742f899e9958d290f214dac1dd948e37f
运行命令：sweep_seeds.py --seeds 0-4 --epochs 100 --device cuda --out-dir data/w2_seeds_100ep
耗时：4370.9 s
显存峰值：1,104.1 MiB（§6.2 硬约束 8GB）
§6.2 降级路径：未触发
备注：n_rec=256, beta=0.07, thr=0.62, eta_in=0.002, eta_rec=0.002, eta_out=0.05, decay_out=0.95
备注：输入编码：像素值作发放概率的伯努利采样（本项目自己的选择）
```
[落盘] data\w2_seeds_100ep\seed0.json

==============================================================================
种子 1
==============================================================================
epoch   1  train_ce 2.0398  val_acc 0.3972
epoch   2  train_ce 1.7684  val_acc 0.4495
epoch   3  train_ce 1.6422  val_acc 0.4873
epoch   4  train_ce 1.5466  val_acc 0.5082
epoch   5  train_ce 1.4601  val_acc 0.5423
epoch   6  train_ce 1.3798  val_acc 0.5655
epoch   7  train_ce 1.3067  val_acc 0.5873
epoch   8  train_ce 1.2420  val_acc 0.6063
epoch   9  train_ce 1.1859  val_acc 0.6302
epoch  10  train_ce 1.1374  val_acc 0.6467
epoch  11  train_ce 1.0932  val_acc 0.6510
epoch  12  train_ce 1.0569  val_acc 0.6670
epoch  13  train_ce 1.0245  val_acc 0.6742
epoch  14  train_ce 0.9983  val_acc 0.6895
epoch  15  train_ce 0.9712  val_acc 0.6955
epoch  16  train_ce 0.9483  val_acc 0.7005
epoch  17  train_ce 0.9262  val_acc 0.7142
epoch  18  train_ce 0.9080  val_acc 0.7205
epoch  19  train_ce 0.8892  val_acc 0.7208
epoch  20  train_ce 0.8780  val_acc 0.7312
epoch  21  train_ce 0.8659  val_acc 0.7328
epoch  22  train_ce 0.8482  val_acc 0.7402
epoch  23  train_ce 0.8330  val_acc 0.7445
epoch  24  train_ce 0.8178  val_acc 0.7482
epoch  25  train_ce 0.8043  val_acc 0.7508
epoch  26  train_ce 0.7952  val_acc 0.7538
epoch  27  train_ce 0.7811  val_acc 0.7527
epoch  28  train_ce 0.7666  val_acc 0.7663
epoch  29  train_ce 0.7574  val_acc 0.7723
epoch  30  train_ce 0.7433  val_acc 0.7683
epoch  31  train_ce 0.7325  val_acc 0.7703
epoch  32  train_ce 0.7262  val_acc 0.7770
epoch  33  train_ce 0.7083  val_acc 0.7760
epoch  34  train_ce 0.7015  val_acc 0.7845
epoch  35  train_ce 0.6901  val_acc 0.7913
epoch  36  train_ce 0.6802  val_acc 0.7908
epoch  37  train_ce 0.6712  val_acc 0.7947
epoch  38  train_ce 0.6626  val_acc 0.7945
epoch  39  train_ce 0.6525  val_acc 0.7993
epoch  40  train_ce 0.6432  val_acc 0.8060
epoch  41  train_ce 0.6350  val_acc 0.8035
epoch  42  train_ce 0.6306  val_acc 0.8072
epoch  43  train_ce 0.6180  val_acc 0.8047
epoch  44  train_ce 0.6176  val_acc 0.8043
epoch  45  train_ce 0.6096  val_acc 0.8157
epoch  46  train_ce 0.6029  val_acc 0.8240
epoch  47  train_ce 0.5968  val_acc 0.8203
epoch  48  train_ce 0.5909  val_acc 0.8133
epoch  49  train_ce 0.5852  val_acc 0.8183
epoch  50  train_ce 0.5827  val_acc 0.8220
epoch  51  train_ce 0.5724  val_acc 0.8197
epoch  52  train_ce 0.5681  val_acc 0.8227
epoch  53  train_ce 0.5636  val_acc 0.8243
epoch  54  train_ce 0.5576  val_acc 0.8238
epoch  55  train_ce 0.5564  val_acc 0.8305
epoch  56  train_ce 0.5508  val_acc 0.8282
epoch  57  train_ce 0.5466  val_acc 0.8352
epoch  58  train_ce 0.5428  val_acc 0.8297
epoch  59  train_ce 0.5380  val_acc 0.8320
epoch  60  train_ce 0.5362  val_acc 0.8358
epoch  61  train_ce 0.5305  val_acc 0.8350
epoch  62  train_ce 0.5296  val_acc 0.8362
epoch  63  train_ce 0.5249  val_acc 0.8312
epoch  64  train_ce 0.5229  val_acc 0.8372
epoch  65  train_ce 0.5213  val_acc 0.8385
epoch  66  train_ce 0.5149  val_acc 0.8352
epoch  67  train_ce 0.5130  val_acc 0.8457
epoch  68  train_ce 0.5119  val_acc 0.8460
epoch  69  train_ce 0.5072  val_acc 0.8458
epoch  70  train_ce 0.5025  val_acc 0.8497
epoch  71  train_ce 0.5024  val_acc 0.8450
epoch  72  train_ce 0.5002  val_acc 0.8492
epoch  73  train_ce 0.4974  val_acc 0.8463
epoch  74  train_ce 0.4947  val_acc 0.8510
epoch  75  train_ce 0.4944  val_acc 0.8508
epoch  76  train_ce 0.4923  val_acc 0.8475
epoch  77  train_ce 0.4904  val_acc 0.8440
epoch  78  train_ce 0.4887  val_acc 0.8475
epoch  79  train_ce 0.4872  val_acc 0.8445
epoch  80  train_ce 0.4868  val_acc 0.8492
epoch  81  train_ce 0.4815  val_acc 0.8525
epoch  82  train_ce 0.4808  val_acc 0.8493
epoch  83  train_ce 0.4795  val_acc 0.8528
epoch  84  train_ce 0.4744  val_acc 0.8483
epoch  85  train_ce 0.4746  val_acc 0.8505
epoch  86  train_ce 0.4739  val_acc 0.8540
epoch  87  train_ce 0.4757  val_acc 0.8490
epoch  88  train_ce 0.4707  val_acc 0.8452
epoch  89  train_ce 0.4698  val_acc 0.8530
epoch  90  train_ce 0.4689  val_acc 0.8493
epoch  91  train_ce 0.4660  val_acc 0.8502
epoch  92  train_ce 0.4648  val_acc 0.8520
epoch  93  train_ce 0.4631  val_acc 0.8537
epoch  94  train_ce 0.4603  val_acc 0.8522
epoch  95  train_ce 0.4583  val_acc 0.8570
epoch  96  train_ce 0.4607  val_acc 0.8528
epoch  97  train_ce 0.4578  val_acc 0.8515
epoch  98  train_ce 0.4573  val_acc 0.8552
epoch  99  train_ce 0.4531  val_acc 0.8567
epoch 100  train_ce 0.4532  val_acc 0.8578

测试准确率：0.8544（10 类随机基线 0.10）
活跃神经元比例：1.0000（§七 阈值 > 0.6）
脉冲稀疏度：0.8378

```text
实验名称：eprop/smnist
日期：2026-09-24 20:20:41 中国标准时间
Git commit：32774099a77e3a12257e45df5171ea21d1811c93
Git 状态：干净
Python：3.12.14
操作系统 / 架构：Windows 11 / AMD64
硬件：NVIDIA GeForce RTX 5060，8,123 MB，sm_120
随机种子：base=1；全局种子=1741413616；划分验证集=1435468908；权重初始化=3486733651；每批打乱=3990329894；脉冲编码=1681094899
依赖快照：uv.lock sha256=cbafb161e71421f9f228e23e2ab6f4f742f899e9958d290f214dac1dd948e37f
运行命令：sweep_seeds.py --seeds 0-4 --epochs 100 --device cuda --out-dir data/w2_seeds_100ep
耗时：5070.0 s
显存峰值：1,104.1 MiB（§6.2 硬约束 8GB）
§6.2 降级路径：未触发
备注：n_rec=256, beta=0.07, thr=0.62, eta_in=0.002, eta_rec=0.002, eta_out=0.05, decay_out=0.95
备注：输入编码：像素值作发放概率的伯努利采样（本项目自己的选择）
```
[落盘] data\w2_seeds_100ep\seed1.json

==============================================================================
种子 2
==============================================================================
epoch   1  train_ce 2.0448  val_acc 0.4025
epoch   2  train_ce 1.7611  val_acc 0.4505
epoch   3  train_ce 1.6292  val_acc 0.4957
epoch   4  train_ce 1.5295  val_acc 0.5330
epoch   5  train_ce 1.4379  val_acc 0.5703
epoch   6  train_ce 1.3514  val_acc 0.5908
epoch   7  train_ce 1.2724  val_acc 0.6187
epoch   8  train_ce 1.2054  val_acc 0.6373
epoch   9  train_ce 1.1505  val_acc 0.6518
epoch  10  train_ce 1.1033  val_acc 0.6632
epoch  11  train_ce 1.0639  val_acc 0.6675
epoch  12  train_ce 1.0318  val_acc 0.6833
epoch  13  train_ce 1.0000  val_acc 0.6855
epoch  14  train_ce 0.9724  val_acc 0.6943
epoch  15  train_ce 0.9463  val_acc 0.7025
epoch  16  train_ce 0.9247  val_acc 0.7095
epoch  17  train_ce 0.9024  val_acc 0.7190
epoch  18  train_ce 0.8803  val_acc 0.7242
epoch  19  train_ce 0.8636  val_acc 0.7282
epoch  20  train_ce 0.8451  val_acc 0.7373
epoch  21  train_ce 0.8261  val_acc 0.7458
epoch  22  train_ce 0.8106  val_acc 0.7447
epoch  23  train_ce 0.7960  val_acc 0.7502
epoch  24  train_ce 0.7803  val_acc 0.7577
epoch  25  train_ce 0.7712  val_acc 0.7570
epoch  26  train_ce 0.7560  val_acc 0.7598
epoch  27  train_ce 0.7463  val_acc 0.7668
epoch  28  train_ce 0.7336  val_acc 0.7680
epoch  29  train_ce 0.7206  val_acc 0.7743
epoch  30  train_ce 0.7150  val_acc 0.7757
epoch  31  train_ce 0.7025  val_acc 0.7770
epoch  32  train_ce 0.6934  val_acc 0.7787
epoch  33  train_ce 0.6866  val_acc 0.7770
epoch  34  train_ce 0.6793  val_acc 0.7860
epoch  35  train_ce 0.6693  val_acc 0.7858
epoch  36  train_ce 0.6645  val_acc 0.7865
epoch  37  train_ce 0.6556  val_acc 0.7903
epoch  38  train_ce 0.6462  val_acc 0.7907
epoch  39  train_ce 0.6400  val_acc 0.7913
epoch  40  train_ce 0.6363  val_acc 0.7953
epoch  41  train_ce 0.6307  val_acc 0.7917
epoch  42  train_ce 0.6227  val_acc 0.7950
epoch  43  train_ce 0.6211  val_acc 0.7993
epoch  44  train_ce 0.6148  val_acc 0.7962
epoch  45  train_ce 0.6098  val_acc 0.8002
epoch  46  train_ce 0.6028  val_acc 0.8068
epoch  47  train_ce 0.5978  val_acc 0.8077
epoch  48  train_ce 0.5951  val_acc 0.8098
epoch  49  train_ce 0.5915  val_acc 0.8117
epoch  50  train_ce 0.5833  val_acc 0.8115
epoch  51  train_ce 0.5800  val_acc 0.8150
epoch  52  train_ce 0.5767  val_acc 0.8195
epoch  53  train_ce 0.5740  val_acc 0.8180
epoch  54  train_ce 0.5726  val_acc 0.8152
epoch  55  train_ce 0.5641  val_acc 0.8178
epoch  56  train_ce 0.5616  val_acc 0.8140
epoch  57  train_ce 0.5592  val_acc 0.8148
epoch  58  train_ce 0.5570  val_acc 0.8248
epoch  59  train_ce 0.5544  val_acc 0.8213
epoch  60  train_ce 0.5490  val_acc 0.8243
epoch  61  train_ce 0.5441  val_acc 0.8180
epoch  62  train_ce 0.5398  val_acc 0.8212
epoch  63  train_ce 0.5402  val_acc 0.8260
epoch  64  train_ce 0.5337  val_acc 0.8210
epoch  65  train_ce 0.5322  val_acc 0.8215
epoch  66  train_ce 0.5296  val_acc 0.8307
epoch  67  train_ce 0.5230  val_acc 0.8207
epoch  68  train_ce 0.5197  val_acc 0.8310
epoch  69  train_ce 0.5176  val_acc 0.8263
epoch  70  train_ce 0.5123  val_acc 0.8335
epoch  71  train_ce 0.5140  val_acc 0.8325
epoch  72  train_ce 0.5095  val_acc 0.8280
epoch  73  train_ce 0.5072  val_acc 0.8317
epoch  74  train_ce 0.5037  val_acc 0.8303
epoch  75  train_ce 0.5035  val_acc 0.8368
epoch  76  train_ce 0.5002  val_acc 0.8360
epoch  77  train_ce 0.4997  val_acc 0.8393
epoch  78  train_ce 0.4975  val_acc 0.8323
epoch  79  train_ce 0.4931  val_acc 0.8347
epoch  80  train_ce 0.4932  val_acc 0.8332
epoch  81  train_ce 0.4907  val_acc 0.8337
epoch  82  train_ce 0.4889  val_acc 0.8413
epoch  83  train_ce 0.4853  val_acc 0.8370
epoch  84  train_ce 0.4836  val_acc 0.8377
epoch  85  train_ce 0.4846  val_acc 0.8390
epoch  86  train_ce 0.4802  val_acc 0.8380
epoch  87  train_ce 0.4765  val_acc 0.8377
epoch  88  train_ce 0.4744  val_acc 0.8453
epoch  89  train_ce 0.4699  val_acc 0.8432
epoch  90  train_ce 0.4703  val_acc 0.8442
epoch  91  train_ce 0.4669  val_acc 0.8458
epoch  92  train_ce 0.4652  val_acc 0.8502
epoch  93  train_ce 0.4650  val_acc 0.8428
epoch  94  train_ce 0.4596  val_acc 0.8458
epoch  95  train_ce 0.4599  val_acc 0.8532
epoch  96  train_ce 0.4579  val_acc 0.8487
epoch  97  train_ce 0.4562  val_acc 0.8473
epoch  98  train_ce 0.4570  val_acc 0.8453
epoch  99  train_ce 0.4533  val_acc 0.8502
epoch 100  train_ce 0.4508  val_acc 0.8515

测试准确率：0.8536（10 类随机基线 0.10）
活跃神经元比例：1.0000（§七 阈值 > 0.6）
脉冲稀疏度：0.8464

```text
实验名称：eprop/smnist
日期：2026-09-24 22:28:41 中国标准时间
Git commit：32774099a77e3a12257e45df5171ea21d1811c93
Git 状态：干净
Python：3.12.14
操作系统 / 架构：Windows 11 / AMD64
硬件：NVIDIA GeForce RTX 5060，8,123 MB，sm_120
随机种子：base=2；全局种子=1741413619；划分验证集=1435468911；权重初始化=3486733648；每批打乱=3990329893；脉冲编码=1681094896
依赖快照：uv.lock sha256=cbafb161e71421f9f228e23e2ab6f4f742f899e9958d290f214dac1dd948e37f
运行命令：sweep_seeds.py --seeds 0-4 --epochs 100 --device cuda --out-dir data/w2_seeds_100ep
耗时：7678.2 s
显存峰值：1,104.1 MiB（§6.2 硬约束 8GB）
§6.2 降级路径：未触发
备注：n_rec=256, beta=0.07, thr=0.62, eta_in=0.002, eta_rec=0.002, eta_out=0.05, decay_out=0.95
备注：输入编码：像素值作发放概率的伯努利采样（本项目自己的选择）
```
[落盘] data\w2_seeds_100ep\seed2.json

==============================================================================
种子 3
==============================================================================
epoch   1  train_ce 2.0141  val_acc 0.3973
epoch   2  train_ce 1.7484  val_acc 0.4590
epoch   3  train_ce 1.6202  val_acc 0.4927
epoch   4  train_ce 1.5271  val_acc 0.5248
epoch   5  train_ce 1.4461  val_acc 0.5492
epoch   6  train_ce 1.3670  val_acc 0.5808
epoch   7  train_ce 1.2920  val_acc 0.5960
epoch   8  train_ce 1.2246  val_acc 0.6253
epoch   9  train_ce 1.1658  val_acc 0.6432
epoch  10  train_ce 1.1162  val_acc 0.6563
epoch  11  train_ce 1.0736  val_acc 0.6703
epoch  12  train_ce 1.0378  val_acc 0.6780
epoch  13  train_ce 1.0036  val_acc 0.6852
epoch  14  train_ce 0.9730  val_acc 0.7005
epoch  15  train_ce 0.9465  val_acc 0.7037
epoch  16  train_ce 0.9213  val_acc 0.7130
epoch  17  train_ce 0.8975  val_acc 0.7138
epoch  18  train_ce 0.8776  val_acc 0.7265
epoch  19  train_ce 0.8538  val_acc 0.7343
epoch  20  train_ce 0.8363  val_acc 0.7365
epoch  21  train_ce 0.8212  val_acc 0.7447
epoch  22  train_ce 0.8016  val_acc 0.7395
epoch  23  train_ce 0.7868  val_acc 0.7447
epoch  24  train_ce 0.7732  val_acc 0.7490
epoch  25  train_ce 0.7601  val_acc 0.7598
epoch  26  train_ce 0.7457  val_acc 0.7590
epoch  27  train_ce 0.7382  val_acc 0.7673
epoch  28  train_ce 0.7234  val_acc 0.7713
epoch  29  train_ce 0.7145  val_acc 0.7682
epoch  30  train_ce 0.7003  val_acc 0.7777
epoch  31  train_ce 0.6966  val_acc 0.7705
epoch  32  train_ce 0.6850  val_acc 0.7792
epoch  33  train_ce 0.6764  val_acc 0.7795
epoch  34  train_ce 0.6697  val_acc 0.7763
epoch  35  train_ce 0.6583  val_acc 0.7847
epoch  36  train_ce 0.6537  val_acc 0.7875
epoch  37  train_ce 0.6460  val_acc 0.7828
epoch  38  train_ce 0.6401  val_acc 0.7865
epoch  39  train_ce 0.6352  val_acc 0.7880
epoch  40  train_ce 0.6258  val_acc 0.7923
epoch  41  train_ce 0.6209  val_acc 0.7977
epoch  42  train_ce 0.6155  val_acc 0.7907
epoch  43  train_ce 0.6088  val_acc 0.8007
epoch  44  train_ce 0.6023  val_acc 0.8007
epoch  45  train_ce 0.5991  val_acc 0.7973
epoch  46  train_ce 0.5965  val_acc 0.7953
epoch  47  train_ce 0.5892  val_acc 0.7977
epoch  48  train_ce 0.5853  val_acc 0.8028
epoch  49  train_ce 0.5778  val_acc 0.8072
epoch  50  train_ce 0.5770  val_acc 0.8088
epoch  51  train_ce 0.5722  val_acc 0.8050
epoch  52  train_ce 0.5669  val_acc 0.8057
epoch  53  train_ce 0.5603  val_acc 0.8113
epoch  54  train_ce 0.5592  val_acc 0.8127
epoch  55  train_ce 0.5554  val_acc 0.8107
epoch  56  train_ce 0.5551  val_acc 0.8142
epoch  57  train_ce 0.5474  val_acc 0.8147
epoch  58  train_ce 0.5454  val_acc 0.8198
epoch  59  train_ce 0.5454  val_acc 0.8172
epoch  60  train_ce 0.5384  val_acc 0.8152
epoch  61  train_ce 0.5368  val_acc 0.8267
epoch  62  train_ce 0.5327  val_acc 0.8198
epoch  63  train_ce 0.5336  val_acc 0.8228
epoch  64  train_ce 0.5259  val_acc 0.8232
epoch  65  train_ce 0.5251  val_acc 0.8218
epoch  66  train_ce 0.5231  val_acc 0.8232
epoch  67  train_ce 0.5208  val_acc 0.8257
epoch  68  train_ce 0.5124  val_acc 0.8255
epoch  69  train_ce 0.5171  val_acc 0.8230
epoch  70  train_ce 0.5123  val_acc 0.8292
epoch  71  train_ce 0.5091  val_acc 0.8268
epoch  72  train_ce 0.5080  val_acc 0.8282
epoch  73  train_ce 0.5084  val_acc 0.8278
epoch  74  train_ce 0.5039  val_acc 0.8193
epoch  75  train_ce 0.4997  val_acc 0.8242
epoch  76  train_ce 0.5007  val_acc 0.8298
epoch  77  train_ce 0.4987  val_acc 0.8213
epoch  78  train_ce 0.4963  val_acc 0.8272
epoch  79  train_ce 0.4949  val_acc 0.8303
epoch  80  train_ce 0.4928  val_acc 0.8383
epoch  81  train_ce 0.4896  val_acc 0.8312
epoch  82  train_ce 0.4866  val_acc 0.8303
epoch  83  train_ce 0.4868  val_acc 0.8305
epoch  84  train_ce 0.4793  val_acc 0.8278
epoch  85  train_ce 0.4815  val_acc 0.8315
epoch  86  train_ce 0.4802  val_acc 0.8278
epoch  87  train_ce 0.4756  val_acc 0.8362
epoch  88  train_ce 0.4729  val_acc 0.8335
epoch  89  train_ce 0.4768  val_acc 0.8322
epoch  90  train_ce 0.4750  val_acc 0.8402
epoch  91  train_ce 0.4680  val_acc 0.8385
epoch  92  train_ce 0.4692  val_acc 0.8438
epoch  93  train_ce 0.4669  val_acc 0.8357
epoch  94  train_ce 0.4652  val_acc 0.8388
epoch  95  train_ce 0.4674  val_acc 0.8390
epoch  96  train_ce 0.4614  val_acc 0.8388
epoch  97  train_ce 0.4609  val_acc 0.8355
epoch  98  train_ce 0.4600  val_acc 0.8377
epoch  99  train_ce 0.4533  val_acc 0.8428
epoch 100  train_ce 0.4523  val_acc 0.8373

测试准确率：0.8462（10 类随机基线 0.10）
活跃神经元比例：1.0000（§七 阈值 > 0.6）
脉冲稀疏度：0.8288

```text
实验名称：eprop/smnist
日期：2026-09-24 23:52:52 中国标准时间
Git commit：32774099a77e3a12257e45df5171ea21d1811c93
Git 状态：干净
Python：3.12.14
操作系统 / 架构：Windows 11 / AMD64
硬件：NVIDIA GeForce RTX 5060，8,123 MB，sm_120
随机种子：base=3；全局种子=1741413618；划分验证集=1435468910；权重初始化=3486733649；每批打乱=3990329892；脉冲编码=1681094897
依赖快照：uv.lock sha256=cbafb161e71421f9f228e23e2ab6f4f742f899e9958d290f214dac1dd948e37f
运行命令：sweep_seeds.py --seeds 0-4 --epochs 100 --device cuda --out-dir data/w2_seeds_100ep
耗时：5048.9 s
显存峰值：1,104.1 MiB（§6.2 硬约束 8GB）
§6.2 降级路径：未触发
备注：n_rec=256, beta=0.07, thr=0.62, eta_in=0.002, eta_rec=0.002, eta_out=0.05, decay_out=0.95
备注：输入编码：像素值作发放概率的伯努利采样（本项目自己的选择）
```
[落盘] data\w2_seeds_100ep\seed3.json

==============================================================================
种子 4
==============================================================================
epoch   1  train_ce 2.0465  val_acc 0.4065
epoch   2  train_ce 1.7700  val_acc 0.4630
epoch   3  train_ce 1.6267  val_acc 0.5035
epoch   4  train_ce 1.5125  val_acc 0.5333
epoch   5  train_ce 1.4177  val_acc 0.5582
epoch   6  train_ce 1.3410  val_acc 0.5762
epoch   7  train_ce 1.2759  val_acc 0.6073
epoch   8  train_ce 1.2175  val_acc 0.6207
epoch   9  train_ce 1.1670  val_acc 0.6380
epoch  10  train_ce 1.1220  val_acc 0.6540
epoch  11  train_ce 1.0828  val_acc 0.6615
epoch  12  train_ce 1.0497  val_acc 0.6768
epoch  13  train_ce 1.0147  val_acc 0.6880
epoch  14  train_ce 0.9877  val_acc 0.6923
epoch  15  train_ce 0.9610  val_acc 0.7042
epoch  16  train_ce 0.9384  val_acc 0.7063
epoch  17  train_ce 0.9128  val_acc 0.7167
epoch  18  train_ce 0.8955  val_acc 0.7233
epoch  19  train_ce 0.8765  val_acc 0.7277
epoch  20  train_ce 0.8562  val_acc 0.7358
epoch  21  train_ce 0.8408  val_acc 0.7378
epoch  22  train_ce 0.8229  val_acc 0.7398
epoch  23  train_ce 0.8079  val_acc 0.7457
epoch  24  train_ce 0.7938  val_acc 0.7568
epoch  25  train_ce 0.7813  val_acc 0.7490
epoch  26  train_ce 0.7696  val_acc 0.7615
epoch  27  train_ce 0.7556  val_acc 0.7527
epoch  28  train_ce 0.7447  val_acc 0.7687
epoch  29  train_ce 0.7304  val_acc 0.7680
epoch  30  train_ce 0.7214  val_acc 0.7763
epoch  31  train_ce 0.7114  val_acc 0.7705
epoch  32  train_ce 0.7021  val_acc 0.7803
epoch  33  train_ce 0.6892  val_acc 0.7765
epoch  34  train_ce 0.6816  val_acc 0.7810
epoch  35  train_ce 0.6734  val_acc 0.7835
epoch  36  train_ce 0.6672  val_acc 0.7858
epoch  37  train_ce 0.6603  val_acc 0.7900
epoch  38  train_ce 0.6499  val_acc 0.7953
epoch  39  train_ce 0.6417  val_acc 0.7950
epoch  40  train_ce 0.6359  val_acc 0.7962
epoch  41  train_ce 0.6276  val_acc 0.7972
epoch  42  train_ce 0.6220  val_acc 0.8045
epoch  43  train_ce 0.6145  val_acc 0.7943
epoch  44  train_ce 0.6128  val_acc 0.8065
epoch  45  train_ce 0.6088  val_acc 0.8020
epoch  46  train_ce 0.6046  val_acc 0.8118
epoch  47  train_ce 0.5941  val_acc 0.8100
epoch  48  train_ce 0.5905  val_acc 0.8082
epoch  49  train_ce 0.5880  val_acc 0.8145
epoch  50  train_ce 0.5824  val_acc 0.8165
epoch  51  train_ce 0.5772  val_acc 0.8165
epoch  52  train_ce 0.5755  val_acc 0.8162
epoch  53  train_ce 0.5682  val_acc 0.8190
epoch  54  train_ce 0.5645  val_acc 0.8180
epoch  55  train_ce 0.5647  val_acc 0.8207
epoch  56  train_ce 0.5603  val_acc 0.8170
epoch  57  train_ce 0.5554  val_acc 0.8187
epoch  58  train_ce 0.5514  val_acc 0.8260
epoch  59  train_ce 0.5489  val_acc 0.8157
epoch  60  train_ce 0.5458  val_acc 0.8217
epoch  61  train_ce 0.5422  val_acc 0.8185
epoch  62  train_ce 0.5402  val_acc 0.8282
epoch  63  train_ce 0.5353  val_acc 0.8275
epoch  64  train_ce 0.5342  val_acc 0.8313
epoch  65  train_ce 0.5287  val_acc 0.8275
epoch  66  train_ce 0.5258  val_acc 0.8298
epoch  67  train_ce 0.5264  val_acc 0.8303
epoch  68  train_ce 0.5203  val_acc 0.8288
epoch  69  train_ce 0.5159  val_acc 0.8330
epoch  70  train_ce 0.5169  val_acc 0.8337
epoch  71  train_ce 0.5134  val_acc 0.8363
epoch  72  train_ce 0.5128  val_acc 0.8292
epoch  73  train_ce 0.5109  val_acc 0.8403
epoch  74  train_ce 0.5056  val_acc 0.8375
epoch  75  train_ce 0.5049  val_acc 0.8338
epoch  76  train_ce 0.5028  val_acc 0.8370
epoch  77  train_ce 0.5027  val_acc 0.8403
epoch  78  train_ce 0.5000  val_acc 0.8423
epoch  79  train_ce 0.4951  val_acc 0.8383
epoch  80  train_ce 0.4948  val_acc 0.8367
epoch  81  train_ce 0.4945  val_acc 0.8423
epoch  82  train_ce 0.4912  val_acc 0.8395
epoch  83  train_ce 0.4871  val_acc 0.8422
epoch  84  train_ce 0.4857  val_acc 0.8417
epoch  85  train_ce 0.4839  val_acc 0.8413
epoch  86  train_ce 0.4832  val_acc 0.8422
epoch  87  train_ce 0.4782  val_acc 0.8443
epoch  88  train_ce 0.4777  val_acc 0.8477
epoch  89  train_ce 0.4785  val_acc 0.8465
epoch  90  train_ce 0.4732  val_acc 0.8502
epoch  91  train_ce 0.4749  val_acc 0.8432
epoch  92  train_ce 0.4743  val_acc 0.8498
epoch  93  train_ce 0.4700  val_acc 0.8493
epoch  94  train_ce 0.4679  val_acc 0.8460
epoch  95  train_ce 0.4627  val_acc 0.8520
epoch  96  train_ce 0.4633  val_acc 0.8483
epoch  97  train_ce 0.4618  val_acc 0.8532
epoch  98  train_ce 0.4589  val_acc 0.8420
epoch  99  train_ce 0.4584  val_acc 0.8450
epoch 100  train_ce 0.4607  val_acc 0.8512

测试准确率：0.8519（10 类随机基线 0.10）
活跃神经元比例：1.0000（§七 阈值 > 0.6）
脉冲稀疏度：0.8449

```text
实验名称：eprop/smnist
日期：2026-09-25 01:03:35 中国标准时间
Git commit：32774099a77e3a12257e45df5171ea21d1811c93
Git 状态：干净
Python：3.12.14
操作系统 / 架构：Windows 11 / AMD64
硬件：NVIDIA GeForce RTX 5060，8,123 MB，sm_120
随机种子：base=4；全局种子=1741413621；划分验证集=1435468905；权重初始化=3486733654；每批打乱=3990329891；脉冲编码=1681094902
依赖快照：uv.lock sha256=cbafb161e71421f9f228e23e2ab6f4f742f899e9958d290f214dac1dd948e37f
运行命令：sweep_seeds.py --seeds 0-4 --epochs 100 --device cuda --out-dir data/w2_seeds_100ep
耗时：4241.1 s
显存峰值：1,104.1 MiB（§6.2 硬约束 8GB）
§6.2 降级路径：未触发
备注：n_rec=256, beta=0.07, thr=0.62, eta_in=0.002, eta_rec=0.002, eta_out=0.05, decay_out=0.95
备注：输入编码：像素值作发放概率的伯努利采样（本项目自己的选择）
```
[落盘] data\w2_seeds_100ep\seed4.json

==============================================================================
W2 多随机种子汇总（5 个种子：0–4，smnist）
==============================================================================
  种子   0  准确率 0.8534  活跃比例 1.0000  耗时 4372 s
  种子   1  准确率 0.8544  活跃比例 1.0000  耗时 5072 s
  种子   2  准确率 0.8536  活跃比例 1.0000  耗时 7680 s
  种子   3  准确率 0.8462  活跃比例 1.0000  耗时 5051 s
  种子   4  准确率 0.8519  活跃比例 1.0000  耗时 4243 s

  测试准确率        均值 0.8519  最小 0.8462  最大 0.8544  极差 0.82 个百分点   （判据：显著高于随机（10 类））
  活跃神经元比例      均值 1.0000  最小 1.0000  最大 1.0000  极差 0.00 个百分点   （判据：§七：「> 60%」）
  JSON 落在 data\w2_seeds_100ep/，逐种子可查
