W2 多随机种子：5 个种子（0–4），数据集 smnist，设备 cuda

==============================================================================
种子 0
==============================================================================
epoch   1  train_ce 2.0391  val_acc 0.4165
epoch   6  train_ce 1.3710  val_acc 0.5797
epoch  12  train_ce 1.0667  val_acc 0.6690
epoch  18  train_ce 0.9131  val_acc 0.7080
epoch  24  train_ce 0.8149  val_acc 0.7475
epoch  30  train_ce 0.7414  val_acc 0.7695

测试准确率：0.7748（10 类随机基线 0.10）
活跃神经元比例：1.0000（§七 阈值 > 0.6）
脉冲稀疏度：0.8527

```text
实验名称：eprop/smnist
日期：2026-09-23 17:13:00 中国标准时间
Git commit：dc1fbf7e2d4e6af29193d1367b64a35e5d61c92e
Git 状态：干净
Python：3.12.14
操作系统 / 架构：Windows 11 / AMD64
硬件：NVIDIA GeForce RTX 5060，8,123 MB，sm_120
随机种子：base=0；全局种子=1741413617；划分验证集=1435468909；权重初始化=3486733650；每批打乱=3990329895；脉冲编码=1681094898
依赖快照：uv.lock sha256=cbafb161e71421f9f228e23e2ab6f4f742f899e9958d290f214dac1dd948e37f
运行命令：sweep_seeds.py --seeds 0-4 --device cuda --out-dir data/w2_seeds_staging
耗时：1270.4 s
显存峰值：1,104.1 MiB（§6.2 硬约束 8GB）
§6.2 降级路径：未触发
备注：n_rec=256, beta=0.07, thr=0.62, eta_in=0.002, eta_rec=0.002, eta_out=0.05, decay_out=0.95
备注：输入编码：像素值作发放概率的伯努利采样（本项目自己的选择）
```
[落盘] data\w2_seeds_staging\seed0.json

==============================================================================
种子 1
==============================================================================
epoch   1  train_ce 2.0398  val_acc 0.3972
epoch   6  train_ce 1.3798  val_acc 0.5655
epoch  12  train_ce 1.0569  val_acc 0.6670
epoch  18  train_ce 0.9080  val_acc 0.7205
epoch  24  train_ce 0.8178  val_acc 0.7482
epoch  30  train_ce 0.7433  val_acc 0.7683

测试准确率：0.7678（10 类随机基线 0.10）
活跃神经元比例：1.0000（§七 阈值 > 0.6）
脉冲稀疏度：0.8424

```text
实验名称：eprop/smnist
日期：2026-09-23 17:34:05 中国标准时间
Git commit：f415a2c29f1c70f3e66f9d7365da038078f9edc5
Git 状态：干净
Python：3.12.14
操作系统 / 架构：Windows 11 / AMD64
硬件：NVIDIA GeForce RTX 5060，8,123 MB，sm_120
随机种子：base=1；全局种子=1741413616；划分验证集=1435468908；权重初始化=3486733651；每批打乱=3990329894；脉冲编码=1681094899
依赖快照：uv.lock sha256=cbafb161e71421f9f228e23e2ab6f4f742f899e9958d290f214dac1dd948e37f
运行命令：sweep_seeds.py --seeds 0-4 --device cuda --out-dir data/w2_seeds_staging
耗时：1264.0 s
显存峰值：1,104.1 MiB（§6.2 硬约束 8GB）
§6.2 降级路径：未触发
备注：n_rec=256, beta=0.07, thr=0.62, eta_in=0.002, eta_rec=0.002, eta_out=0.05, decay_out=0.95
备注：输入编码：像素值作发放概率的伯努利采样（本项目自己的选择）
```
[落盘] data\w2_seeds_staging\seed1.json

==============================================================================
种子 2
==============================================================================
epoch   1  train_ce 2.0448  val_acc 0.4025
epoch   6  train_ce 1.3514  val_acc 0.5908
epoch  12  train_ce 1.0318  val_acc 0.6833
epoch  18  train_ce 0.8803  val_acc 0.7242
epoch  24  train_ce 0.7803  val_acc 0.7577
epoch  30  train_ce 0.7150  val_acc 0.7757

测试准确率：0.7789（10 类随机基线 0.10）
活跃神经元比例：1.0000（§七 阈值 > 0.6）
脉冲稀疏度：0.8564

```text
实验名称：eprop/smnist
日期：2026-09-23 17:55:40 中国标准时间
Git commit：1ac4c480f827e48c48ff2c14d7d3db41e6f74d09
Git 状态：干净
Python：3.12.14
操作系统 / 架构：Windows 11 / AMD64
硬件：NVIDIA GeForce RTX 5060，8,123 MB，sm_120
随机种子：base=2；全局种子=1741413619；划分验证集=1435468911；权重初始化=3486733648；每批打乱=3990329893；脉冲编码=1681094896
依赖快照：uv.lock sha256=cbafb161e71421f9f228e23e2ab6f4f742f899e9958d290f214dac1dd948e37f
运行命令：sweep_seeds.py --seeds 0-4 --device cuda --out-dir data/w2_seeds_staging
耗时：1294.6 s
显存峰值：1,104.1 MiB（§6.2 硬约束 8GB）
§6.2 降级路径：未触发
备注：n_rec=256, beta=0.07, thr=0.62, eta_in=0.002, eta_rec=0.002, eta_out=0.05, decay_out=0.95
备注：输入编码：像素值作发放概率的伯努利采样（本项目自己的选择）
```
[落盘] data\w2_seeds_staging\seed2.json

==============================================================================
种子 3
==============================================================================
epoch   1  train_ce 2.0141  val_acc 0.3973
epoch   6  train_ce 1.3670  val_acc 0.5808
epoch  12  train_ce 1.0378  val_acc 0.6780
epoch  18  train_ce 0.8776  val_acc 0.7265
epoch  24  train_ce 0.7732  val_acc 0.7490
epoch  30  train_ce 0.7003  val_acc 0.7777

测试准确率：0.7857（10 类随机基线 0.10）
活跃神经元比例：1.0000（§七 阈值 > 0.6）
脉冲稀疏度：0.8335

```text
实验名称：eprop/smnist
日期：2026-09-23 18:16:43 中国标准时间
Git commit：1ac4c480f827e48c48ff2c14d7d3db41e6f74d09
Git 状态：干净
Python：3.12.14
操作系统 / 架构：Windows 11 / AMD64
硬件：NVIDIA GeForce RTX 5060，8,123 MB，sm_120
随机种子：base=3；全局种子=1741413618；划分验证集=1435468910；权重初始化=3486733649；每批打乱=3990329892；脉冲编码=1681094897
依赖快照：uv.lock sha256=cbafb161e71421f9f228e23e2ab6f4f742f899e9958d290f214dac1dd948e37f
运行命令：sweep_seeds.py --seeds 0-4 --device cuda --out-dir data/w2_seeds_staging
耗时：1261.6 s
显存峰值：1,104.1 MiB（§6.2 硬约束 8GB）
§6.2 降级路径：未触发
备注：n_rec=256, beta=0.07, thr=0.62, eta_in=0.002, eta_rec=0.002, eta_out=0.05, decay_out=0.95
备注：输入编码：像素值作发放概率的伯努利采样（本项目自己的选择）
```
[落盘] data\w2_seeds_staging\seed3.json

==============================================================================
种子 4
==============================================================================
epoch   1  train_ce 2.0465  val_acc 0.4065
epoch   6  train_ce 1.3410  val_acc 0.5762
epoch  12  train_ce 1.0497  val_acc 0.6768
epoch  18  train_ce 0.8955  val_acc 0.7233
epoch  24  train_ce 0.7938  val_acc 0.7568
epoch  30  train_ce 0.7214  val_acc 0.7763

测试准确率：0.7746（10 类随机基线 0.10）
活跃神经元比例：1.0000（§七 阈值 > 0.6）
脉冲稀疏度：0.8477

```text
实验名称：eprop/smnist
日期：2026-09-23 18:39:05 中国标准时间
Git commit：1ac4c480f827e48c48ff2c14d7d3db41e6f74d09
Git 状态：干净
Python：3.12.14
操作系统 / 架构：Windows 11 / AMD64
硬件：NVIDIA GeForce RTX 5060，8,123 MB，sm_120
随机种子：base=4；全局种子=1741413621；划分验证集=1435468905；权重初始化=3486733654；每批打乱=3990329891；脉冲编码=1681094902
依赖快照：uv.lock sha256=cbafb161e71421f9f228e23e2ab6f4f742f899e9958d290f214dac1dd948e37f
运行命令：sweep_seeds.py --seeds 0-4 --device cuda --out-dir data/w2_seeds_staging
耗时：1340.9 s
显存峰值：1,104.1 MiB（§6.2 硬约束 8GB）
§6.2 降级路径：未触发
备注：n_rec=256, beta=0.07, thr=0.62, eta_in=0.002, eta_rec=0.002, eta_out=0.05, decay_out=0.95
备注：输入编码：像素值作发放概率的伯努利采样（本项目自己的选择）
```
[落盘] data\w2_seeds_staging\seed4.json

==============================================================================
W2 多随机种子汇总（5 个种子：0–4，smnist）
==============================================================================
  种子   0  准确率 0.7748  活跃比例 1.0000  耗时 1272 s
  种子   1  准确率 0.7678  活跃比例 1.0000  耗时 1265 s
  种子   2  准确率 0.7789  活跃比例 1.0000  耗时 1296 s
  种子   3  准确率 0.7857  活跃比例 1.0000  耗时 1263 s
  种子   4  准确率 0.7746  活跃比例 1.0000  耗时 1342 s

  测试准确率        均值 0.7764  最小 0.7678  最大 0.7857  极差 1.79 个百分点   （判据：显著高于随机（10 类））
  活跃神经元比例      均值 1.0000  最小 1.0000  最大 1.0000  极差 0.00 个百分点   （判据：§七：「> 60%」）
  JSON 落在 data\w2_seeds_staging/，逐种子可查
